#
# There is insufficient memory for the Java Runtime Environment to continue.
# Native memory allocation (mmap) failed to map 65536 bytes. Error detail: Failed to commit metaspace.
# Possible reasons:
#   The system is out of physical RAM or swap space
#   This process is running with CompressedOops enabled, and the Java Heap may be blocking the growth of the native heap
# Possible solutions:
#   Reduce memory load on the system
#   Increase physical memory or swap space
#   Check if swap backing store is full
#   Decrease Java heap size (-Xmx/-Xms)
#   Decrease number of Java threads
#   Decrease Java thread stack sizes (-Xss)
#   Set larger code cache with -XX:ReservedCodeCacheSize=
#   JVM is running with Zero Based Compressed Oops mode in which the Java heap is
#     placed in the first 32GB address space. The Java Heap base address is the
#     maximum limit for the native heap growth. Please use -XX:HeapBaseMinAddress
#     to set the Java Heap base and to place the Java Heap above 32GB virtual address.
# This output file may be truncated or incomplete.
#
#  Out of Memory Error (virtualSpaceNode.cpp:110), pid=19680, tid=19004
#
# JRE version: OpenJDK Runtime Environment Temurin-17.0.18+8 (17.0.18+8) (build 17.0.18+8)
# Java VM: OpenJDK 64-Bit Server VM Temurin-17.0.18+8 (17.0.18+8, mixed mode, emulated-client, sharing, tiered, compressed oops, compressed class ptrs, g1 gc, windows-amd64)
# No core dump will be written. Minidumps are not enabled by default on client versions of Windows
#

---------------  S U M M A R Y ------------

Command Line: -XX:TieredStopAtLevel=1 -Dspring.output.ansi.enabled=always -javaagent:C:\Program Files\JetBrains\IntelliJ IDEA 2026.1\lib\idea_rt.jar=55813 -Dfile.encoding=UTF-8 com.library.auth_service.AuthServiceApplication

Host: Intel(R) Core(TM) i7-9850H CPU @ 2.60GHz, 12 cores, 15G,  Windows 11 , 64 bit Build 26100 (10.0.26100.8246)
Time: Thu Apr 30 17:11:33 2026 Egypt Daylight Time elapsed time: 0.753099 seconds (0d 0h 0m 0s)

---------------  T H R E A D  ---------------

Current thread (0x0000027473352730):  JavaThread "background-preinit" [_thread_in_vm, id=19004, stack(0x0000007e47b00000,0x0000007e47c00000)]

Stack: [0x0000007e47b00000,0x0000007e47c00000]
Native frames: (J=compiled Java code, j=interpreted, Vv=VM code, C=native code)
V  [jvm.dll+0x6846f9]
V  [jvm.dll+0x839ea5]
V  [jvm.dll+0x83b91e]
V  [jvm.dll+0x83bfa3]
V  [jvm.dll+0x248eff]
V  [jvm.dll+0x835c8d]
V  [jvm.dll+0x6291fd]
V  [jvm.dll+0x1c0710]
V  [jvm.dll+0x62bb72]
V  [jvm.dll+0x629bb6]
V  [jvm.dll+0x23dfa6]
V  [jvm.dll+0x1eaf6f]
V  [jvm.dll+0x1e08d1]
V  [jvm.dll+0x548119]
V  [jvm.dll+0x7b4b68]
V  [jvm.dll+0x7b4c64]
V  [jvm.dll+0x414bb4]
V  [jvm.dll+0x41b619]
C  [java.dll+0x17ec]

Java frames: (J=compiled Java code, j=interpreted, Vv=VM code)
J 696  java.lang.ClassLoader.defineClass1(Ljava/lang/ClassLoader;Ljava/lang/String;[BIILjava/security/ProtectionDomain;Ljava/lang/String;)Ljava/lang/Class; java.base@17.0.18 (0 bytes) @ 0x000002741e0c1783 [0x000002741e0c16c0+0x00000000000000c3]
J 976 c1 java.lang.ClassLoader.defineClass(Ljava/lang/String;[BIILjava/security/ProtectionDomain;)Ljava/lang/Class; java.base@17.0.18 (43 bytes) @ 0x000002741e1365ec [0x000002741e1364e0+0x000000000000010c]
J 864 c1 jdk.internal.loader.BuiltinClassLoader.defineClass(Ljava/lang/String;Ljdk/internal/loader/Resource;)Ljava/lang/Class; java.base@17.0.18 (121 bytes) @ 0x000002741e10a874 [0x000002741e10a3a0+0x00000000000004d4]
J 863 c1 jdk.internal.loader.BuiltinClassLoader.findClassOnClassPathOrNull(Ljava/lang/String;)Ljava/lang/Class; java.base@17.0.18 (64 bytes) @ 0x000002741e10bf6c [0x000002741e10bca0+0x00000000000002cc]
J 489 c1 jdk.internal.loader.BuiltinClassLoader.loadClassOrNull(Ljava/lang/String;Z)Ljava/lang/Class; java.base@17.0.18 (143 bytes) @ 0x000002741e06be84 [0x000002741e06ba00+0x0000000000000484]
J 763 c1 jdk.internal.loader.ClassLoaders$AppClassLoader.loadClass(Ljava/lang/String;Z)Ljava/lang/Class; java.base@17.0.18 (40 bytes) @ 0x000002741e0df6cc [0x000002741e0df580+0x000000000000014c]
J 762 c1 java.lang.ClassLoader.loadClass(Ljava/lang/String;)Ljava/lang/Class; java.base@17.0.18 (7 bytes) @ 0x000002741e0deb04 [0x000002741e0deac0+0x0000000000000044]
v  ~StubRoutines::call_stub
j  org.springframework.util.MimeType.<init>(Ljava/lang/String;Ljava/lang/String;Ljava/util/Map;)V+55
j  org.springframework.util.MimeType.<init>(Ljava/lang/String;Ljava/lang/String;Ljava/nio/charset/Charset;)V+12
j  org.springframework.http.MediaType.<init>(Ljava/lang/String;Ljava/lang/String;Ljava/nio/charset/Charset;)V+4
j  org.springframework.http.MediaType.<clinit>()V+125
v  ~StubRoutines::call_stub
j  org.springframework.http.converter.FormHttpMessageConverter.<clinit>()V+6
v  ~StubRoutines::call_stub
j  org.springframework.boot.autoconfigure.BackgroundPreinitializer$MessageConverterInitializer.run()V+0
j  org.springframework.boot.autoconfigure.BackgroundPreinitializer$1.runSafely(Ljava/lang/Runnable;)Z+1
j  org.springframework.boot.autoconfigure.BackgroundPreinitializer$1.run()V+32
j  java.lang.Thread.run()V+11 java.base@17.0.18
v  ~StubRoutines::call_stub

Compiled method (n/a) 764  696     n 0       java.lang.ClassLoader::defineClass1 (native)
 total in heap  [0x000002741e0c1510,0x000002741e0c1a10] = 1280
 relocation     [0x000002741e0c1670,0x000002741e0c16a8] = 56
 main code      [0x000002741e0c16c0,0x000002741e0c1a10] = 848

[Constant Pool (empty)]

[MachCode]
[Entry Point]
  # {method} {0x000002742e010f18} 'defineClass1' '(Ljava/lang/ClassLoader;Ljava/lang/String;[BIILjava/security/ProtectionDomain;Ljava/lang/String;)Ljava/lang/Class;' in 'java/lang/ClassLoader'
  # parm0:    rdx:rdx   = 'java/lang/ClassLoader'
  # parm1:    r8:r8     = 'java/lang/String'
  # parm2:    r9:r9     = '[B'
  # parm3:    rdi       = int
  # parm4:    rsi       = int
  # parm5:    rcx:rcx   = 'java/security/ProtectionDomain'
  # parm6:    [sp+0xa0]   = 'java/lang/String'  (sp of caller)
  0x000002741e0c16c0: 448b 5208 | 49bb 0000 | 002e 7402 | 0000 4d03 | d349 3bc2 | 0f84 0600 

  0x000002741e0c16d8: ;   {runtime_call ic_miss_stub}
  0x000002741e0c16d8: 0000 e9a1 | f9c9 ff90 
[Verified Entry Point]
  0x000002741e0c16e0: 8984 2400 | 90ff ff55 | 488b ec48 | 81ec 9000 | 0000 4881 | 7d10 0000 | 0000 488d | 4510 480f 
  0x000002741e0c1700: 4445 1048 | 8944 2440 | 4889 4c24 | 7048 83f9 | 0048 8d44 | 2470 480f | 4444 2470 | 4889 4424 
  0x000002741e0c1720: 3848 8974 | 2430 4889 | 7c24 284c | 894c 2458 | 4983 f900 | 488d 4424 | 5848 0f44 | 4424 5848 
  0x000002741e0c1740: 8944 2420 | 4c89 4424 | 5049 83f8 | 004c 8d4c | 2450 4c0f | 444c 2450 | 4889 5424 | 4848 83fa 
  0x000002741e0c1760: 004c 8d44 | 2448 4c0f | 4444 2448 

  0x000002741e0c176c: ;   {oop(a 'java/lang/Class'{0x0000000712a29460} = 'java/lang/ClassLoader')}
  0x000002741e0c176c: 49be 6094 | a212 0700 | 0000 4c89 | 7424 784c | 8d74 2478 | 498b d6c5 

  0x000002741e0c1784: ;   {internal_word}
  0x000002741e0c1784: f877 49ba | 8317 0c1e | 7402 0000 | 4d89 97a0 | 0200 0049 | 89a7 9802 

  0x000002741e0c179c: ;   {external_word}
  0x000002741e0c179c: 0000 49ba | d5c6 9be8 | fc7f 0000 | 4180 3a00 | 0f84 5200 | 0000 5241 

  0x000002741e0c17b4: ;   {metadata({method} {0x000002742e010f18} 'defineClass1' '(Ljava/lang/ClassLoader;Ljava/lang/String;[BIILjava/security/ProtectionDomain;Ljava/lang/String;)Ljava/lang/Class;' in 'java/lang/ClassLoader')}
  0x000002741e0c17b4: 5041 5148 | ba10 0f01 | 2e74 0200 | 0049 8bcf | 4883 ec20 | f7c4 0f00 | 0000 0f84 | 1a00 0000 
  0x000002741e0c17d4: 4883 ec08 

  0x000002741e0c17d8: ;   {runtime_call}
  0x000002741e0c17d8: 49ba 50a0 | 51e8 fc7f | 0000 41ff | d248 83c4 | 08e9 0d00 

  0x000002741e0c17ec: ;   {runtime_call}
  0x000002741e0c17ec: 0000 49ba | 50a0 51e8 | fc7f 0000 | 41ff d248 | 83c4 2041 | 5941 585a | 498d 8fb8 | 0200 0041 
  0x000002741e0c180c: c787 4003 | 0000 0400 

  0x000002741e0c1814: ;   {runtime_call}
  0x000002741e0c1814: 0000 49ba | ac16 0d4e | fd7f 0000 | 41ff d2c5 | f877 41c7 | 8740 0300 | 0005 0000 | 00f0 8344 
  0x000002741e0c1834: 24c0 0049 | 3baf 4803 | 0000 0f87 | 1100 0000 | 4181 bf30 | 0300 0000 | 0000 000f | 842c 0000 
  0x000002741e0c1854: 00c5 f877 | 4889 45f8 | 498b cf4c | 8be4 4883 | ec20 4883 

  0x000002741e0c1868: ;   {runtime_call}
  0x000002741e0c1868: e4f0 49ba | a0af 61e8 | fc7f 0000 | 41ff d249 | 8be4 4d33 | e448 8b45 | f841 c787 | 4003 0000 
  0x000002741e0c1888: 0800 0000 | 4181 bfb0 | 0300 0002 | 0000 000f | 843f 0100 

  0x000002741e0c189c: ;   {external_word}
  0x000002741e0c189c: 0049 bad5 | c69b e8fc | 7f00 0041 | 803a 000f | 8450 0000 | 0048 8945 

  0x000002741e0c18b4: ;   {metadata({method} {0x000002742e010f18} 'defineClass1' '(Ljava/lang/ClassLoader;Ljava/lang/String;[BIILjava/security/ProtectionDomain;Ljava/lang/String;)Ljava/lang/Class;' in 'java/lang/ClassLoader')}
  0x000002741e0c18b4: f848 ba10 | 0f01 2e74 | 0200 0049 | 8bcf 4883 | ec20 f7c4 | 0f00 0000 | 0f84 1a00 | 0000 4883 
  0x000002741e0c18d4: ;   {runtime_call}
  0x000002741e0c18d4: ec08 49ba | 50a0 51e8 | fc7f 0000 | 41ff d248 | 83c4 08e9 | 0d00 0000 

  0x000002741e0c18ec: ;   {runtime_call}
  0x000002741e0c18ec: 49ba 50a0 | 51e8 fc7f | 0000 41ff | d248 83c4 | 2048 8b45 | f849 c787 | 9802 0000 | 0000 0000 
  0x000002741e0c190c: 49c7 87a0 | 0200 0000 | 0000 00c5 | f877 4885 | c00f 8493 | 0000 0048 | f7c0 0100 | 0000 0f84 
  0x000002741e0c192c: 8300 0000 | 488b 40ff | 4180 7f38 | 000f 846f | 0000 0048 | 83f8 000f | 8465 0000 | 0049 8b4f 
  0x000002741e0c194c: 2048 83f9 | 000f 8414 | 0000 0048 | 83e9 0849 | 894f 2049 | 034f 3048 | 8901 e943 | 0000 0050 
  0x000002741e0c196c: 498b d748 | 8bc8 4883 | ec20 f7c4 | 0f00 0000 | 0f84 1a00 | 0000 4883 

  0x000002741e0c1984: ;   {runtime_call}
  0x000002741e0c1984: ec08 49ba | 106a 10e8 | fc7f 0000 | 41ff d248 | 83c4 08e9 | 0d00 0000 

  0x000002741e0c199c: ;   {runtime_call}
  0x000002741e0c199c: 49ba 106a | 10e8 fc7f | 0000 41ff | d248 83c4 | 2058 e903 | 0000 0048 | 8b00 498b | 8fd8 0000 
  0x000002741e0c19bc: 00c7 8100 | 0100 0000 | 0000 00c9 | 4981 7f08 | 0000 0000 | 0f85 0100 

  0x000002741e0c19d4: ;   {runtime_call StubRoutines (1)}
  0x000002741e0c19d4: 0000 c3e9 | 24f5 c4ff | c5f8 7748 | 8945 f84c | 8be4 4883 | ec20 4883 

  0x000002741e0c19ec: ;   {runtime_call}
  0x000002741e0c19ec: e4f0 49ba | 40d1 51e8 | fc7f 0000 | 41ff d249 | 8be4 4d33 | e448 8b45 | f8e9 93fe | ffff f4f4 
  0x000002741e0c1a0c: f4f4 f4f4 
[/MachCode]


Compiled method (c1) 769  976       1       java.lang.ClassLoader::defineClass (43 bytes)
 total in heap  [0x000002741e136310,0x000002741e1368b0] = 1440
 relocation     [0x000002741e136470,0x000002741e1364d0] = 96
 main code      [0x000002741e1364e0,0x000002741e136680] = 416
 stub code      [0x000002741e136680,0x000002741e1366f8] = 120
 metadata       [0x000002741e1366f8,0x000002741e136728] = 48
 scopes data    [0x000002741e136728,0x000002741e1367e0] = 184
 scopes pcs     [0x000002741e1367e0,0x000002741e136880] = 160
 dependencies   [0x000002741e136880,0x000002741e136888] = 8
 nul chk table  [0x000002741e136888,0x000002741e1368b0] = 40

[Constant Pool (empty)]

[MachCode]
[Entry Point]
  # {method} {0x000002742e010cb0} 'defineClass' '(Ljava/lang/String;[BIILjava/security/ProtectionDomain;)Ljava/lang/Class;' in 'java/lang/ClassLoader'
  # this:     rdx:rdx   = 'java/lang/ClassLoader'
  # parm0:    r8:r8     = 'java/lang/String'
  # parm1:    r9:r9     = '[B'
  # parm2:    rdi       = int
  # parm3:    rsi       = int
  # parm4:    rcx:rcx   = 'java/security/ProtectionDomain'
  #           [sp+0xc0]  (sp of caller)
  0x000002741e1364e0: 448b 5208 | 49bb 0000 | 002e 7402 | 0000 4d03 | d34c 3bd0 

  0x000002741e1364f4: ;   {runtime_call ic_miss_stub}
  0x000002741e1364f4: 0f85 86ab | c2ff 660f | 1f44 0000 
[Verified Entry Point]
  0x000002741e136500: 8984 2400 | 90ff ff55 | 4881 ecb0 | 0000 0048 | 8954 2478 | 89b4 2494 | 0000 0089 | bc24 9000 
  0x000002741e136520: 0000 4c89 | 8c24 8800 | 0000 498b | d84c 8bc3 | 4c8b c948 | 8bca 488b | d148 899c | 2480 0000 
  0x000002741e136540: 0066 0f1f 

  0x000002741e136544: ;   {optimized virtual_call}
  0x000002741e136544: 4400 00e8 

  0x000002741e136548: ; ImmutableOopMap {[120]=Oop [136]=Oop [128]=Oop }
                      ;*invokevirtual preDefineClass {reexecute=0 rethrow=0 return_oop=0}
                      ; - java.lang.ClassLoader::defineClass@4 (line 1015)
  0x000002741e136548: 742e 0000 | 4889 8424 | 9800 0000 

  0x000002741e136554: ; implicit exception: dispatches to 0x000002741e13662a
  0x000002741e136554: 448b 4010 | 49c1 e003 | 4983 f800 | 0f85 0f00 

  0x000002741e136564: ;   {oop(NULL)}
  0x000002741e136564: 0000 48bb | 0000 0000 | 0000 0000 | e942 0000 | 0045 8b40 | 0c49 c1e0 | 0349 83f8 | 000f 850f 
  0x000002741e136584: ;   {oop(NULL)}
  0x000002741e136584: 0000 0048 | bb00 0000 | 0000 0000 | 00e9 2100 | 0000 418b | 5038 48c1 | e203 483b | 0266 0f1f 
  0x000002741e1365a4: ;   {optimized virtual_call}
  0x000002741e1365a4: 4400 00e8 

  0x000002741e1365a8: ; ImmutableOopMap {[120]=Oop [136]=Oop [128]=Oop [152]=Oop }
                      ;*invokevirtual toExternalForm {reexecute=0 rethrow=0 return_oop=0}
                      ; - java.net.URL::toExternalForm@5 (line 1039)
                      ; - java.net.URL::toString@1 (line 1025)
                      ; - java.lang.ClassLoader::defineClassSourceLocation@22 (line 917)
                      ; - java.lang.ClassLoader::defineClass@12 (line 1016)
  0x000002741e1365a8: f45e faff | 488b d848 | 8b84 2498 | 0000 008b | b424 9400 | 0000 8bbc | 2490 0000 | 004c 8b8c 
  0x000002741e1365c8: 2488 0000 | 004c 8b84 | 2480 0000 | 0048 8b54 | 2478 4c8b | da49 8bd3 | 488b c848 

  0x000002741e1365e4: ;   {static_call}
  0x000002741e1365e4: 891c 24e8 

  0x000002741e1365e8: ; ImmutableOopMap {[152]=Oop [120]=Oop }
                      ;*invokestatic defineClass1 {reexecute=0 rethrow=0 return_oop=0}
                      ; - java.lang.ClassLoader::defineClass@27 (line 1017)
  0x000002741e1365e8: f4b0 f8ff | 4c8b c04c | 8b8c 2498 | 0000 0048 | 8b54 2478 | 4889 8424 | a000 0000 

  0x000002741e136604: ;   {optimized virtual_call}
  0x000002741e136604: 6666 90e8 

  0x000002741e136608: ; ImmutableOopMap {[160]=Oop }
                      ;*invokevirtual postDefineClass {reexecute=0 rethrow=0 return_oop=0}
                      ; - java.lang.ClassLoader::defineClass@37 (line 1018)
  0x000002741e136608: f40a 0000 | 488b 8424 | a000 0000 | 4881 c4b0 | 0000 005d 

  0x000002741e13661c: ;   {poll_return}
  0x000002741e13661c: 493b a748 | 0300 000f | 8715 0000 

  0x000002741e136628: ;   {runtime_call throw_null_pointer_exception Runtime1 stub}
  0x000002741e136628: 00c3 e8f1 

  0x000002741e13662c: ; ImmutableOopMap {[120]=Oop [136]=Oop [128]=Oop rax=Oop [152]=Oop }
                      ;*invokevirtual getCodeSource {reexecute=0 rethrow=0 return_oop=0}
                      ; - java.lang.ClassLoader::defineClassSourceLocation@1 (line 914)
                      ; - java.lang.ClassLoader::defineClass@12 (line 1016)
                      ;   {runtime_call throw_null_pointer_exception Runtime1 stub}
  0x000002741e13662c: c1cc ffe8 

  0x000002741e136630: ; ImmutableOopMap {[120]=Oop [136]=Oop [128]=Oop rax=Oop [152]=Oop }
                      ;*invokevirtual getLocation {reexecute=0 rethrow=0 return_oop=0}
                      ; - java.lang.ClassLoader::defineClassSourceLocation@12 (line 916)
                      ; - java.lang.ClassLoader::defineClass@12 (line 1016)
  0x000002741e136630: ecc1 ccff 

  0x000002741e136634: ;   {runtime_call throw_null_pointer_exception Runtime1 stub}
  0x000002741e136634: e8e7 c1cc 

  0x000002741e136638: ; ImmutableOopMap {[120]=Oop [136]=Oop [128]=Oop [152]=Oop r8=Oop }
                      ;*invokevirtual toString {reexecute=0 rethrow=0 return_oop=0}
                      ; - java.lang.ClassLoader::defineClassSourceLocation@22 (line 917)
                      ; - java.lang.ClassLoader::defineClass@12 (line 1016)
                      ;   {runtime_call throw_null_pointer_exception Runtime1 stub}
  0x000002741e136638: ffe8 e2c1 

  0x000002741e13663c: ; ImmutableOopMap {[120]=Oop [136]=Oop [128]=Oop [152]=Oop r8=Oop rdx=Oop }
                      ;*invokevirtual toExternalForm {reexecute=0 rethrow=0 return_oop=0}
                      ; - java.net.URL::toExternalForm@5 (line 1039)
                      ; - java.net.URL::toString@1 (line 1025)
                      ; - java.lang.ClassLoader::defineClassSourceLocation@22 (line 917)
                      ; - java.lang.ClassLoader::defineClass@12 (line 1016)
                      ;   {internal_word}
  0x000002741e13663c: ccff 49ba | 1c66 131e | 7402 0000 | 4d89 9760 

  0x000002741e13664c: ;   {runtime_call SafepointBlob}
  0x000002741e13664c: 0300 00e9 | ac13 c3ff | 9090 498b | 87d8 0300 | 0049 c787 | d803 0000 | 0000 0000 | 49c7 87e0 
  0x000002741e13666c: 0300 0000 | 0000 0048 | 81c4 b000 

  0x000002741e136678: ;   {runtime_call unwind_exception Runtime1 stub}
  0x000002741e136678: 0000 5de9 | 80b2 ccff 
[Stub Code]
  0x000002741e136680: ;   {no_reloc}
  0x000002741e136680: 0f1f 4400 

  0x000002741e136684: ;   {static_stub}
  0x000002741e136684: 0048 bb60 | 0e01 2e74 

  0x000002741e13668c: ;   {runtime_call I2C/C2I adapters}
  0x000002741e13668c: 0200 00e9 | 4d73 c2ff 

  0x000002741e136694: ;   {static_stub}
  0x000002741e136694: 9048 bb00 | 0000 0000 

  0x000002741e13669c: ;   {runtime_call}
  0x000002741e13669c: 0000 00e9 | fbff ffff 

  0x000002741e1366a4: ;   {static_stub}
  0x000002741e1366a4: 9048 bb00 | 0000 0000 

  0x000002741e1366ac: ;   {runtime_call}
  0x000002741e1366ac: 0000 00e9 | fbff ffff 

  0x000002741e1366b4: ;   {static_stub}
  0x000002741e1366b4: 9048 bb00 | 0000 0000 

  0x000002741e1366bc: ;   {runtime_call}
  0x000002741e1366bc: 0000 00e9 | fbff ffff 
[Exception Handler]
  0x000002741e1366c4: ;   {runtime_call handle_exception_from_callee Runtime1 stub}
  0x000002741e1366c4: e837 dfcc 

  0x000002741e1366c8: ;   {external_word}
  0x000002741e1366c8: ff48 b900 | ea75 e8fc | 7f00 0048 

  0x000002741e1366d4: ;   {runtime_call}
  0x000002741e1366d4: 83e4 f049 | ba40 963e | e8fc 7f00 | 0041 ffd2 

  0x000002741e1366e4: ;   {section_word}
  0x000002741e1366e4: f449 bae5 | 6613 1e74 | 0200 0041 

  0x000002741e1366f0: ;   {runtime_call DeoptimizationBlob}
  0x000002741e1366f0: 52e9 aa05 | c3ff f4f4 
[/MachCode]


Compiled method (c1) 774  864       1       jdk.internal.loader.BuiltinClassLoader::defineClass (121 bytes)
 total in heap  [0x000002741e10a110,0x000002741e10afa8] = 3736
 relocation     [0x000002741e10a270,0x000002741e10a3a0] = 304
 main code      [0x000002741e10a3a0,0x000002741e10a9e0] = 1600
 stub code      [0x000002741e10a9e0,0x000002741e10ab28] = 328
 metadata       [0x000002741e10ab28,0x000002741e10ab70] = 72
 scopes data    [0x000002741e10ab70,0x000002741e10adc8] = 600
 scopes pcs     [0x000002741e10adc8,0x000002741e10af68] = 416
 dependencies   [0x000002741e10af68,0x000002741e10af70] = 8
 handler table  [0x000002741e10af70,0x000002741e10af88] = 24
 nul chk table  [0x000002741e10af88,0x000002741e10afa8] = 32

[Constant Pool (empty)]

[MachCode]
[Entry Point]
  # {method} {0x000002742e4368e0} 'defineClass' '(Ljava/lang/String;Ljdk/internal/loader/Resource;)Ljava/lang/Class;' in 'jdk/internal/loader/BuiltinClassLoader'
  # this:     rdx:rdx   = 'jdk/internal/loader/BuiltinClassLoader'
  # parm0:    r8:r8     = 'java/lang/String'
  # parm1:    r9:r9     = 'jdk/internal/loader/Resource'
  #           [sp+0x110]  (sp of caller)
  0x000002741e10a3a0: 448b 5208 | 49bb 0000 | 002e 7402 | 0000 4d03 | d34c 3bd0 

  0x000002741e10a3b4: ;   {runtime_call ic_miss_stub}
  0x000002741e10a3b4: 0f85 c66c | c5ff 660f | 1f44 0000 
[Verified Entry Point]
  0x000002741e10a3c0: 8984 2400 | 90ff ff55 | 4881 ec00 | 0100 0048 | 8994 24a0 | 0000 004c | 8984 2490 | 0000 004c 
  0x000002741e10a3e0: 898c 2498 | 0000 0049 | 8bd1 6666 | 9048 b860 | 5219 2e74 

  0x000002741e10a3f4: ;   {virtual_call}
  0x000002741e10a3f4: 0200 00e8 

  0x000002741e10a3f8: ; ImmutableOopMap {[152]=Oop [160]=Oop [144]=Oop }
                      ;*invokevirtual getCodeSourceURL {reexecute=0 rethrow=0 return_oop=0}
                      ; - jdk.internal.loader.BuiltinClassLoader::defineClass@1 (line 842)
  0x000002741e10a3f8: a4d1 0200 | 4889 8424 | a800 0000 | 4c8b 8424 | 9000 0000 

  0x000002741e10a40c: ; implicit exception: dispatches to 0x000002741e10a8d3
  0x000002741e10a40c: 418b 7014 | 48c1 e603 

  0x000002741e10a414: ; implicit exception: dispatches to 0x000002741e10a8d8
  0x000002741e10a414: 8b56 0c45 | 0fbe 4810 | 498b c9c1 | e118 c1f9 | 18d3 fa48 | 8bfa ffcf | 4183 f900 | ba00 0000 
  0x000002741e10a434: 000f 8505 | 0000 00ba | 0100 0000 | 83e2 0183 | fa00 488b | d641 b82e | 0000 004c | 8bcf 0f84 
  0x000002741e10a454: 1100 0000 | 0f1f 8000 

  0x000002741e10a45c: ;   {static_call}
  0x000002741e10a45c: 0000 00e8 

  0x000002741e10a460: ; ImmutableOopMap {[152]=Oop [160]=Oop [168]=Oop [144]=Oop }
                      ;*invokestatic lastIndexOf {reexecute=0 rethrow=0 return_oop=0}
                      ; - java.lang.String::lastIndexOf@13 (line 2489)
                      ; - java.lang.String::lastIndexOf@8 (line 2451)
                      ; - jdk.internal.loader.BuiltinClassLoader::defineClass@8 (line 845)
  0x000002741e10a460: dcc1 d0ff | e90b 0000 | 0066 0f1f 

  0x000002741e10a46c: ;   {static_call}
  0x000002741e10a46c: 4400 00e8 

  0x000002741e10a470: ; ImmutableOopMap {[152]=Oop [160]=Oop [168]=Oop [144]=Oop }
                      ;*invokestatic lastIndexOf {reexecute=0 rethrow=0 return_oop=0}
                      ; - java.lang.String::lastIndexOf@25 (line 2490)
                      ; - java.lang.String::lastIndexOf@8 (line 2451)
                      ; - jdk.internal.loader.BuiltinClassLoader::defineClass@8 (line 845)
  0x000002741e10a470: 0c75 c5ff | 83f8 ff0f | 8467 0000 | 0041 b800 | 0000 004c | 8bc8 488b | 9424 9000 

  0x000002741e10a48c: ;   {optimized virtual_call}
  0x000002741e10a48c: 0000 90e8 

  0x000002741e10a490: ; ImmutableOopMap {[152]=Oop [160]=Oop [168]=Oop [144]=Oop }
                      ;*invokevirtual substring {reexecute=0 rethrow=0 return_oop=0}
                      ; - jdk.internal.loader.BuiltinClassLoader::defineClass@23 (line 847)
  0x000002741e10a490: 6cc0 edff | 488b 9424 | 9800 0000 | 4889 8424 | b000 0000 | 9048 b860 | 5219 2e74 

  0x000002741e10a4ac: ;   {virtual_call}
  0x000002741e10a4ac: 0200 00e8 

  0x000002741e10a4b0: ; ImmutableOopMap {[152]=Oop [160]=Oop [168]=Oop [144]=Oop [176]=Oop }
                      ;*invokevirtual getManifest {reexecute=0 rethrow=0 return_oop=0}
                      ; - jdk.internal.loader.BuiltinClassLoader::defineClass@29 (line 848)
  0x000002741e10a4b0: cce3 0200 | 4c8b 8424 | b000 0000 | 4c8b c848 | 8bbc 24a8 | 0000 0048 | 8b94 24a0 | 0000 0066 
  0x000002741e10a4d0: 0f1f 4400 | 0048 b878 | b707 2e74 

  0x000002741e10a4dc: ;   {virtual_call}
  0x000002741e10a4dc: 0200 00e8 

  0x000002741e10a4e0: ; ImmutableOopMap {[152]=Oop [160]=Oop [168]=Oop [144]=Oop }
                      ;*invokevirtual defineOrCheckPackage {reexecute=0 rethrow=0 return_oop=0}
                      ; - jdk.internal.loader.BuiltinClassLoader::defineClass@40 (line 849)
  0x000002741e10a4e0: bcfa ffff | 4c8b 8c24 | 9800 0000 | 488d 9424 | e000 0000 | 4c89 4a08 | 498b 0148 | 83c8 0148 
  0x000002741e10a500: 8902 f049 | 0fb1 110f | 8413 0000 | 0048 2bc4 | 4881 e007 | f0ff ff48 | 8902 0f85 | bd03 0000 
  0x000002741e10a520: 418b 510c | 48c1 e203 | 4883 fa00 | 0f85 4700 | 0000 498b | d148 b860 | 5219 2e74 

  0x000002741e10a53c: ;   {virtual_call}
  0x000002741e10a53c: 0200 00e8 

  0x000002741e10a540: ; ImmutableOopMap {[160]=Oop [168]=Oop [144]=Oop [152]=Oop [232]=Oop }
                      ;*invokevirtual getInputStream {reexecute=0 rethrow=0 return_oop=0}
                      ; - jdk.internal.loader.Resource::cachedInputStream@9 (line 77)
                      ; - jdk.internal.loader.Resource::getByteBuffer@1 (line 163)
                      ; - jdk.internal.loader.BuiltinClassLoader::defineClass@45 (line 853)
  0x000002741e10a540: fcfc 0200 | 410f be57 | 3883 fa00 | 4c8b 8c24 | 9800 0000 | 0f85 9603 | 0000 4c8b | d049 c1ea 
  0x000002741e10a560: 0345 8951 | 0c49 8bd1 | 4833 d048 | c1ea 1548 | 83fa 000f | 8597 0300 | 0041 8b51 | 0c48 c1e2 
  0x000002741e10a580: 0348 8d84 | 24e0 0000 | 0048 8b30 | 4885 f60f | 840f 0000 | 0048 8b78 | 08f0 480f | b137 0f85 
  0x000002741e10a5a0: 8403 0000 | 4883 fa00 | 0f84 4400 

  0x000002741e10a5ac: ;   {metadata('sun/nio/ByteBuffered')}
  0x000002741e10a5ac: 0000 48b8 | 18bd 0d2e | 7402 0000 | 8b5a 0849 | ba00 0000 | 2e74 0200 | 0049 03da | 483b 4320 
  0x000002741e10a5cc: 0f84 2500 | 0000 483b | d80f 841c | 0000 0053 

  0x000002741e10a5dc: ;   {runtime_call slow_subtype_check Runtime1 stub}
  0x000002741e10a5dc: 50e8 1eac | cfff 5b5b | 83fb 000f | 8405 0000 | 00e9 0500 | 0000 4833 | f6eb 0a48 | be01 0000 
  0x000002741e10a5fc: 0000 0000 | 0083 fe00 | 0f84 6700 | 0000 4883 | fa00 0f84 | 4400 0000 

  0x000002741e10a614: ;   {metadata('sun/nio/ByteBuffered')}
  0x000002741e10a614: 48bb 18bd | 0d2e 7402 | 0000 8b7a | 0849 ba00 | 0000 2e74 | 0200 0049 | 03fa 483b | 5f20 0f84 
  0x000002741e10a634: 2000 0000 | 483b fb0f | 8417 0000 

  0x000002741e10a640: ;   {runtime_call slow_subtype_check Runtime1 stub}
  0x000002741e10a640: 0057 53e8 | b8ab cfff | 5f5f 83ff | 000f 84eb | 0200 00e9 | 0000 0000 | 0f1f 4400 | 0048 b8ff 
  0x000002741e10a660: ffff ffff 

  0x000002741e10a664: ;   {virtual_call}
  0x000002741e10a664: ffff ffe8 

  0x000002741e10a668: ; ImmutableOopMap {[160]=Oop [168]=Oop [144]=Oop [152]=Oop }
                      ;*invokeinterface getByteBuffer {reexecute=0 rethrow=0 return_oop=0}
                      ; - jdk.internal.loader.Resource::getByteBuffer@16 (line 165)
                      ; - jdk.internal.loader.BuiltinClassLoader::defineClass@45 (line 853)
  0x000002741e10a668: 1470 c5ff | e90a 0000 

  0x000002741e10a670: ;   {oop(NULL)}
  0x000002741e10a670: 0048 b800 | 0000 0000 | 0000 0048 | 83f8 000f | 84e5 0000 | 0048 8984 | 24b8 0000 | 0048 8b94 
  0x000002741e10a690: 2498 0000 | 0048 b8ff | ffff ffff 

  0x000002741e10a69c: ;   {virtual_call}
  0x000002741e10a69c: ffff ffe8 

  0x000002741e10a6a0: ; ImmutableOopMap {[160]=Oop [168]=Oop [144]=Oop [184]=Oop }
                      ;*invokevirtual getCodeSigners {reexecute=0 rethrow=0 return_oop=0}
                      ; - jdk.internal.loader.BuiltinClassLoader::defineClass@56 (line 855)
  0x000002741e10a6a0: dc6f c5ff 

  0x000002741e10a6a4: ;   {metadata('java/security/CodeSource')}
  0x000002741e10a6a4: 4c8b c848 | baa0 ee00 | 2e74 0200 | 0049 8b87 | 0801 0000 | 488d 7828 | 493b bf18 | 0100 000f 
  0x000002741e10a6c4: 877e 0200 | 0049 89bf | 0801 0000 | 48c7 0001 | 0000 0048 | 8bca 49ba | 0000 002e | 7402 0000 
  0x000002741e10a6e4: 492b ca89 | 4808 4833 | c989 480c | 4833 c948 | 8948 1048 | 8948 1848 | 8948 204c | 8b84 24a8 
  0x000002741e10a704: 0000 0048 | 8bd0 4889 | 8424 c000 | 0000 0f1f 

  0x000002741e10a714: ;   {optimized virtual_call}
  0x000002741e10a714: 4400 00e8 

  0x000002741e10a718: ; ImmutableOopMap {[160]=Oop [144]=Oop [184]=Oop [192]=Oop }
                      ;*invokespecial <init> {reexecute=0 rethrow=0 return_oop=0}
                      ; - jdk.internal.loader.BuiltinClassLoader::defineClass@68 (line 856)
  0x000002741e10a718: 646c c5ff | 4c8b 8424 | c000 0000 | 488b 9424 | a000 0000 

  0x000002741e10a72c: ;   {optimized virtual_call}
  0x000002741e10a72c: 6666 90e8 

  0x000002741e10a730: ; ImmutableOopMap {[160]=Oop [144]=Oop [184]=Oop }
                      ;*invokevirtual getProtectionDomain {reexecute=0 rethrow=0 return_oop=0}
                      ; - java.security.SecureClassLoader::defineClass@5 (line 182)
                      ; - jdk.internal.loader.BuiltinClassLoader::defineClass@79 (line 857)
  0x000002741e10a730: 4c6c c5ff | 4c8b 8424 | 9000 0000 | 4c8b 8c24 | b800 0000 | 488b f848 | 8b94 24a0 

  0x000002741e10a74c: ;   {optimized virtual_call}
  0x000002741e10a74c: 0000 00e8 

  0x000002741e10a750: ; ImmutableOopMap {}
                      ;*invokevirtual defineClass {reexecute=0 rethrow=0 return_oop=0}
                      ; - java.security.SecureClassLoader::defineClass@8 (line 182)
                      ; - jdk.internal.loader.BuiltinClassLoader::defineClass@79 (line 857)
  0x000002741e10a750: 2c6c c5ff | 4881 c400 | 0100 005d 

  0x000002741e10a75c: ;   {poll_return}
  0x000002741e10a75c: 493b a748 | 0300 000f | 87eb 0100 | 00c3 4c8b | 8c24 9800 | 0000 498b | d148 b860 | 5219 2e74 
  0x000002741e10a77c: ;   {virtual_call}
  0x000002741e10a77c: 0200 00e8 

  0x000002741e10a780: ; ImmutableOopMap {[160]=Oop [144]=Oop [152]=Oop [168]=Oop }
                      ;*invokevirtual getBytes {reexecute=0 rethrow=0 return_oop=0}
                      ; - jdk.internal.loader.BuiltinClassLoader::defineClass@84 (line 859)
  0x000002741e10a780: 5c0b 0300 | 4889 8424 | c800 0000 | 488b 9424 | 9800 0000 | 9048 b860 | 5219 2e74 

  0x000002741e10a79c: ;   {virtual_call}
  0x000002741e10a79c: 0200 00e8 

  0x000002741e10a7a0: ; ImmutableOopMap {[160]=Oop [144]=Oop [168]=Oop [200]=Oop }
                      ;*invokevirtual getCodeSigners {reexecute=0 rethrow=0 return_oop=0}
                      ; - jdk.internal.loader.BuiltinClassLoader::defineClass@90 (line 860)
  0x000002741e10a7a0: 1c1a 0300 

  0x000002741e10a7a4: ;   {metadata('java/security/CodeSource')}
  0x000002741e10a7a4: 4c8b c848 | baa0 ee00 | 2e74 0200 | 0049 8b87 | 0801 0000 | 488d 7828 | 493b bf18 | 0100 000f 
  0x000002741e10a7c4: 87a1 0100 | 0049 89bf | 0801 0000 | 48c7 0001 | 0000 0048 | 8bca 49ba | 0000 002e | 7402 0000 
  0x000002741e10a7e4: 492b ca89 | 4808 4833 | c989 480c | 4833 c948 | 8948 1048 | 8948 1848 | 8948 204c | 8b84 24a8 
  0x000002741e10a804: 0000 0048 | 8bd0 4889 | 8424 d000 | 0000 0f1f 

  0x000002741e10a814: ;   {optimized virtual_call}
  0x000002741e10a814: 4400 00e8 

  0x000002741e10a818: ; ImmutableOopMap {[160]=Oop [144]=Oop [200]=Oop [208]=Oop }
                      ;*invokespecial <init> {reexecute=0 rethrow=0 return_oop=0}
                      ; - jdk.internal.loader.BuiltinClassLoader::defineClass@102 (line 861)
  0x000002741e10a818: 64a8 0200 | 488b 8424 | c800 0000 

  0x000002741e10a824: ; implicit exception: dispatches to 0x000002741e10a977
  0x000002741e10a824: 8b70 0c4c | 8b84 24d0 | 0000 0048 | 8b94 24a0 | 0000 0089 | b424 d800 

  0x000002741e10a83c: ;   {optimized virtual_call}
  0x000002741e10a83c: 0000 90e8 

  0x000002741e10a840: ; ImmutableOopMap {[160]=Oop [144]=Oop [200]=Oop }
                      ;*invokevirtual getProtectionDomain {reexecute=0 rethrow=0 return_oop=0}
                      ; - java.security.SecureClassLoader::defineClass@9 (line 150)
                      ; - jdk.internal.loader.BuiltinClassLoader::defineClass@117 (line 862)
  0x000002741e10a840: bcae 0200 | 4c8b 8424 | 9000 0000 | 4c8b 8c24 | c800 0000 | bf00 0000 | 008b b424 | d800 0000 
  0x000002741e10a860: 488b c848 | 8b94 24a0 | 0000 000f 

  0x000002741e10a86c: ;   {optimized virtual_call}
  0x000002741e10a86c: 1f40 00e8 

  0x000002741e10a870: ; ImmutableOopMap {}
                      ;*invokevirtual defineClass {reexecute=0 rethrow=0 return_oop=0}
                      ; - java.security.SecureClassLoader::defineClass@12 (line 150)
                      ; - jdk.internal.loader.BuiltinClassLoader::defineClass@117 (line 862)
  0x000002741e10a870: 8cbc 0200 | 4881 c400 | 0100 005d 

  0x000002741e10a87c: ;   {poll_return}
  0x000002741e10a87c: 493b a748 | 0300 000f | 87f3 0000 | 00c3 498b | 87d8 0300 | 004d 33d2 | 4d89 97d8 | 0300 004d 
  0x000002741e10a89c: 33d2 4d89 | 97e0 0300 | 0048 8bf0 | 488d 8424 | e000 0000 | 488b 3848 | 85ff 0f84 | 0f00 0000 
  0x000002741e10a8bc: 488b 5808 | f048 0fb1 | 3b0f 85c7 | 0000 0048 | 8bc6 e9f4 

  0x000002741e10a8d0: ;   {runtime_call throw_null_pointer_exception Runtime1 stub}
  0x000002741e10a8d0: 0000 00e8 

  0x000002741e10a8d4: ; ImmutableOopMap {[152]=Oop [160]=Oop rax=Oop [168]=Oop r8=Oop [144]=Oop }
                      ;*invokevirtual lastIndexOf {reexecute=0 rethrow=0 return_oop=0}
                      ; - jdk.internal.loader.BuiltinClassLoader::defineClass@8 (line 845)
  0x000002741e10a8d4: 487f cfff 

  0x000002741e10a8d8: ;   {runtime_call throw_null_pointer_exception Runtime1 stub}
  0x000002741e10a8d8: e843 7fcf 

  0x000002741e10a8dc: ; ImmutableOopMap {[152]=Oop [160]=Oop rax=Oop [168]=Oop r8=Oop [144]=Oop rsi=Oop }
                      ;*arraylength {reexecute=0 rethrow=0 return_oop=0}
                      ; - java.lang.String::length@4 (line 1481)
                      ; - java.lang.String::lastIndexOf@3 (line 2451)
                      ; - jdk.internal.loader.BuiltinClassLoader::defineClass@8 (line 845)
  0x000002741e10a8dc: ff4c 894c | 2408 4889 

  0x000002741e10a8e4: ;   {runtime_call monitorenter_nofpu Runtime1 stub}
  0x000002741e10a8e4: 1424 e815 

  0x000002741e10a8e8: ; ImmutableOopMap {[160]=Oop [168]=Oop [144]=Oop r9=Oop [152]=Oop [232]=Oop }
                      ;*synchronization entry
                      ; - jdk.internal.loader.Resource::cachedInputStream@-1 (line 76)
                      ; - jdk.internal.loader.Resource::getByteBuffer@1 (line 163)
                      ; - jdk.internal.loader.BuiltinClassLoader::defineClass@45 (line 853)
  0x000002741e10a8e8: afcf ffe9 | 30fc ffff | 418b 510c | 48c1 e203 | 4883 fa00 | 0f84 58fc | ffff 4889 

  0x000002741e10a904: ;   {runtime_call g1_pre_barrier_slow}
  0x000002741e10a904: 1424 e8f5 | e1cf ffe9 | 4afc ffff | 4883 f800 | 0f84 5ffc | ffff 4c89 

  0x000002741e10a91c: ;   {runtime_call g1_post_barrier_slow}
  0x000002741e10a91c: 0c24 e8dd | e4cf ffe9 | 51fc ffff | 488d 8424 | e000 0000 | 4889 0424 

  0x000002741e10a934: ;   {runtime_call monitorexit_nofpu Runtime1 stub}
  0x000002741e10a934: e8c7 b4cf | ffe9 66fc | ffff 4889 

  0x000002741e10a940: ;   {runtime_call throw_class_cast_exception Runtime1 stub}
  0x000002741e10a940: 1424 e8d9 

  0x000002741e10a944: ; ImmutableOopMap {[160]=Oop [168]=Oop [144]=Oop [152]=Oop }
                      ;*checkcast {reexecute=0 rethrow=0 return_oop=0}
                      ; - jdk.internal.loader.Resource::getByteBuffer@13 (line 165)
                      ; - jdk.internal.loader.BuiltinClassLoader::defineClass@45 (line 853)
  0x000002741e10a944: a2cf ff48 

  0x000002741e10a948: ;   {runtime_call fast_new_instance Runtime1 stub}
  0x000002741e10a948: 8bd2 e8b1 

  0x000002741e10a94c: ; ImmutableOopMap {[160]=Oop [168]=Oop [144]=Oop [184]=Oop r9=Oop }
                      ;*new {reexecute=0 rethrow=0 return_oop=0}
                      ; - jdk.internal.loader.BuiltinClassLoader::defineClass@61 (line 856)
  0x000002741e10a94c: 87cf ffe9 | abfd ffff 

  0x000002741e10a954: ;   {internal_word}
  0x000002741e10a954: 49ba 5ca7 | 101e 7402 | 0000 4d89 | 9760 0300 

  0x000002741e10a964: ;   {runtime_call SafepointBlob}
  0x000002741e10a964: 00e9 96d0 | c5ff 488b 

  0x000002741e10a96c: ;   {runtime_call fast_new_instance Runtime1 stub}
  0x000002741e10a96c: d2e8 8e87 

  0x000002741e10a970: ; ImmutableOopMap {[160]=Oop [144]=Oop [168]=Oop [200]=Oop r9=Oop }
                      ;*new {reexecute=0 rethrow=0 return_oop=0}
                      ; - jdk.internal.loader.BuiltinClassLoader::defineClass@95 (line 861)
  0x000002741e10a970: cfff e988 

  0x000002741e10a974: ;   {runtime_call throw_null_pointer_exception Runtime1 stub}
  0x000002741e10a974: feff ffe8 

  0x000002741e10a978: ; ImmutableOopMap {[160]=Oop [144]=Oop [208]=Oop rax=Oop [200]=Oop }
                      ;*arraylength {reexecute=0 rethrow=0 return_oop=0}
                      ; - jdk.internal.loader.BuiltinClassLoader::defineClass@114 (line 862)
  0x000002741e10a978: a47e cfff 

  0x000002741e10a97c: ;   {internal_word}
  0x000002741e10a97c: 49ba 7ca8 | 101e 7402 | 0000 4d89 | 9760 0300 

  0x000002741e10a98c: ;   {runtime_call SafepointBlob}
  0x000002741e10a98c: 00e9 6ed0 | c5ff 488d | 8424 e000 | 0000 4889 

  0x000002741e10a99c: ;   {runtime_call monitorexit_nofpu Runtime1 stub}
  0x000002741e10a99c: 0424 e85d | b4cf ffe9 | 23ff ffff | 9090 498b | 87d8 0300 | 0049 c787 | d803 0000 | 0000 0000 
  0x000002741e10a9bc: 49c7 87e0 | 0300 0000 | 0000 0048 | 81c4 0001 

  0x000002741e10a9cc: ;   {runtime_call unwind_exception Runtime1 stub}
  0x000002741e10a9cc: 0000 5de9 | 2c6f cfff | f4f4 f4f4 | f4f4 f4f4 | f4f4 f4f4 
[Stub Code]
  0x000002741e10a9e0: ;   {no_reloc}
  0x000002741e10a9e0: 0f1f 4400 

  0x000002741e10a9e4: ;   {static_stub}
  0x000002741e10a9e4: 0048 bb00 | 0000 0000 

  0x000002741e10a9ec: ;   {runtime_call}
  0x000002741e10a9ec: 0000 00e9 | fbff ffff 

  0x000002741e10a9f4: ;   {static_stub}
  0x000002741e10a9f4: 9048 bb00 | 0000 0000 

  0x000002741e10a9fc: ;   {runtime_call}
  0x000002741e10a9fc: 0000 00e9 | fbff ffff 

  0x000002741e10aa04: ;   {static_stub}
  0x000002741e10aa04: 9048 bb00 | 0000 0000 

  0x000002741e10aa0c: ;   {runtime_call}
  0x000002741e10aa0c: 0000 00e9 | fbff ffff 

  0x000002741e10aa14: ;   {static_stub}
  0x000002741e10aa14: 9048 bb00 | 0000 0000 

  0x000002741e10aa1c: ;   {runtime_call}
  0x000002741e10aa1c: 0000 00e9 | fbff ffff 

  0x000002741e10aa24: ;   {static_stub}
  0x000002741e10aa24: 9048 bb00 | 0000 0000 

  0x000002741e10aa2c: ;   {runtime_call}
  0x000002741e10aa2c: 0000 00e9 | fbff ffff 

  0x000002741e10aa34: ;   {static_stub}
  0x000002741e10aa34: 9048 bb00 | 0000 0000 

  0x000002741e10aa3c: ;   {runtime_call}
  0x000002741e10aa3c: 0000 00e9 | fbff ffff 

  0x000002741e10aa44: ;   {static_stub}
  0x000002741e10aa44: 9048 bb00 | 0000 0000 

  0x000002741e10aa4c: ;   {runtime_call}
  0x000002741e10aa4c: 0000 00e9 | fbff ffff 

  0x000002741e10aa54: ;   {static_stub}
  0x000002741e10aa54: 9048 bb00 | 0000 0000 

  0x000002741e10aa5c: ;   {runtime_call}
  0x000002741e10aa5c: 0000 00e9 | fbff ffff 

  0x000002741e10aa64: ;   {static_stub}
  0x000002741e10aa64: 9048 bb00 | 0000 0000 

  0x000002741e10aa6c: ;   {runtime_call}
  0x000002741e10aa6c: 0000 00e9 | fbff ffff 

  0x000002741e10aa74: ;   {static_stub}
  0x000002741e10aa74: 9048 bb00 | 0000 0000 

  0x000002741e10aa7c: ;   {runtime_call}
  0x000002741e10aa7c: 0000 00e9 | fbff ffff 

  0x000002741e10aa84: ;   {static_stub}
  0x000002741e10aa84: 9048 bb00 | 0000 0000 

  0x000002741e10aa8c: ;   {runtime_call}
  0x000002741e10aa8c: 0000 00e9 | fbff ffff 

  0x000002741e10aa94: ;   {static_stub}
  0x000002741e10aa94: 9048 bb00 | 0000 0000 

  0x000002741e10aa9c: ;   {runtime_call}
  0x000002741e10aa9c: 0000 00e9 | fbff ffff 

  0x000002741e10aaa4: ;   {static_stub}
  0x000002741e10aaa4: 9048 bb00 | 0000 0000 

  0x000002741e10aaac: ;   {runtime_call}
  0x000002741e10aaac: 0000 00e9 | fbff ffff 

  0x000002741e10aab4: ;   {static_stub}
  0x000002741e10aab4: 9048 bb00 | 0000 0000 

  0x000002741e10aabc: ;   {runtime_call}
  0x000002741e10aabc: 0000 00e9 | fbff ffff 

  0x000002741e10aac4: ;   {static_stub}
  0x000002741e10aac4: 9048 bbf0 | 2e42 2e74 

  0x000002741e10aacc: ;   {runtime_call I2C/C2I adapters}
  0x000002741e10aacc: 0200 00e9 | 0d2f c5ff 

  0x000002741e10aad4: ;   {static_stub}
  0x000002741e10aad4: 9048 bbb0 | 5043 2e74 

  0x000002741e10aadc: ;   {runtime_call I2C/C2I adapters}
  0x000002741e10aadc: 0200 00e9 | 79bb c5ff 

  0x000002741e10aae4: ;   {static_stub}
  0x000002741e10aae4: 9048 bba8 | 0c01 2e74 

  0x000002741e10aaec: ;   {runtime_call I2C/C2I adapters}
  0x000002741e10aaec: 0200 00e9 | f7cb c4ff 
[Exception Handler]
  0x000002741e10aaf4: ;   {runtime_call handle_exception_from_callee Runtime1 stub}
  0x000002741e10aaf4: e807 9bcf 

  0x000002741e10aaf8: ;   {external_word}
  0x000002741e10aaf8: ff48 b900 | ea75 e8fc | 7f00 0048 

  0x000002741e10ab04: ;   {runtime_call}
  0x000002741e10ab04: 83e4 f049 | ba40 963e | e8fc 7f00 | 0041 ffd2 

  0x000002741e10ab14: ;   {section_word}
  0x000002741e10ab14: f449 ba15 | ab10 1e74 | 0200 0041 

  0x000002741e10ab20: ;   {runtime_call DeoptimizationBlob}
  0x000002741e10ab20: 52e9 7ac1 | c5ff f4f4 
[/MachCode]


---------------  P R O C E S S  ---------------

Threads class SMR info:
_java_thread_list=0x0000027473369190, length=16, elements={
0x00000274161baec0, 0x000002742cd5ca60, 0x000002742cd5e630, 0x000002742cd72d20,
0x000002742cd757f0, 0x000002742cd771c0, 0x000002742cd77b80, 0x000002742cd78540,
0x000002742cd7b690, 0x000002742d43b150, 0x000002742d450e80, 0x000002742d458350,
0x000002742d458870, 0x000002742da8a720, 0x000002742da8ac00, 0x0000027473352730
}

Java Threads: ( => current thread )
  0x00000274161baec0 JavaThread "main" [_thread_in_vm, id=20556, stack(0x0000007e46000000,0x0000007e46100000)]
  0x000002742cd5ca60 JavaThread "Reference Handler" daemon [_thread_blocked, id=11216, stack(0x0000007e46700000,0x0000007e46800000)]
  0x000002742cd5e630 JavaThread "Finalizer" daemon [_thread_blocked, id=20388, stack(0x0000007e46800000,0x0000007e46900000)]
  0x000002742cd72d20 JavaThread "Signal Dispatcher" daemon [_thread_blocked, id=3892, stack(0x0000007e46900000,0x0000007e46a00000)]
  0x000002742cd757f0 JavaThread "Attach Listener" daemon [_thread_blocked, id=20704, stack(0x0000007e46a00000,0x0000007e46b00000)]
  0x000002742cd771c0 JavaThread "Service Thread" daemon [_thread_blocked, id=15076, stack(0x0000007e46b00000,0x0000007e46c00000)]
  0x000002742cd77b80 JavaThread "Monitor Deflation Thread" daemon [_thread_blocked, id=17080, stack(0x0000007e46c00000,0x0000007e46d00000)]
  0x000002742cd78540 JavaThread "C1 CompilerThread0" daemon [_thread_blocked, id=17020, stack(0x0000007e46d00000,0x0000007e46e00000)]
  0x000002742cd7b690 JavaThread "Sweeper thread" daemon [_thread_blocked, id=16904, stack(0x0000007e46e00000,0x0000007e46f00000)]
  0x000002742d43b150 JavaThread "Common-Cleaner" daemon [_thread_blocked, id=17544, stack(0x0000007e46f00000,0x0000007e47000000)]
  0x000002742d450e80 JavaThread "C1 CompilerThread1" daemon [_thread_blocked, id=13356, stack(0x0000007e47000000,0x0000007e47100000)]
  0x000002742d458350 JavaThread "C1 CompilerThread2" daemon [_thread_blocked, id=15348, stack(0x0000007e47100000,0x0000007e47200000)]
  0x000002742d458870 JavaThread "C1 CompilerThread3" daemon [_thread_blocked, id=22156, stack(0x0000007e47200000,0x0000007e47300000)]
  0x000002742da8a720 JavaThread "Monitor Ctrl-Break" daemon [_thread_in_native, id=14808, stack(0x0000007e47300000,0x0000007e47400000)]
  0x000002742da8ac00 JavaThread "Notification Thread" daemon [_thread_blocked, id=17136, stack(0x0000007e47400000,0x0000007e47500000)]
=>0x0000027473352730 JavaThread "background-preinit" [_thread_in_vm, id=19004, stack(0x0000007e47b00000,0x0000007e47c00000)]

Other Threads:
  0x000002742cd56ee0 VMThread "VM Thread" [stack: 0x0000007e46600000,0x0000007e46700000] [id=18280]
  0x00000274161bbd40 WatcherThread [stack: 0x0000007e47500000,0x0000007e47600000] [id=18232]
  0x000002741622a080 GCTaskThread "GC Thread#0" [stack: 0x0000007e46100000,0x0000007e46200000] [id=17968]
  0x00000274731b02a0 GCTaskThread "GC Thread#1" [stack: 0x0000007e47600000,0x0000007e47700000] [id=15444]
  0x00000274731b0560 GCTaskThread "GC Thread#2" [stack: 0x0000007e47700000,0x0000007e47800000] [id=19700]
  0x00000274731b0c30 GCTaskThread "GC Thread#3" [stack: 0x0000007e47800000,0x0000007e47900000] [id=14900]
  0x00000274731b0ef0 GCTaskThread "GC Thread#4" [stack: 0x0000007e47900000,0x0000007e47a00000] [id=9160]
  0x00000274731b11b0 GCTaskThread "GC Thread#5" [stack: 0x0000007e47a00000,0x0000007e47b00000] [id=8816]
  0x000002741623b830 ConcurrentGCThread "G1 Main Marker" [stack: 0x0000007e46200000,0x0000007e46300000] [id=3408]
  0x000002741623da00 ConcurrentGCThread "G1 Conc#0" [stack: 0x0000007e46300000,0x0000007e46400000] [id=21796]
  0x000002742cc894f0 ConcurrentGCThread "G1 Refine#0" [stack: 0x0000007e46400000,0x0000007e46500000] [id=7880]
  0x000002742cc8ace0 ConcurrentGCThread "G1 Service" [stack: 0x0000007e46500000,0x0000007e46600000] [id=1828]

Threads with active compile tasks:

VM state: not at safepoint (normal execution)

VM Mutex/Monitor currently owned by a thread:  ([mutex/lock_event])
[0x00000274161b6a70] Metaspace_lock - owner thread: 0x0000027473352730

Heap address: 0x0000000704600000, size: 4026 MB, Compressed Oops mode: Zero based, Oop shift amount: 3

CDS archive(s) mapped at: [0x000002742e000000-0x000002742ebb0000-0x000002742ebb0000), size 12255232, SharedBaseAddress: 0x000002742e000000, ArchiveRelocationMode: 1.
Compressed class space mapped at: 0x000002742f000000-0x000002746f000000, reserved size: 1073741824
Narrow klass base: 0x000002742e000000, Narrow klass shift: 0, Narrow klass range: 0x100000000

GC Precious Log:
 CPUs: 12 total, 12 available
 Memory: 16103M
 Large Page Support: Disabled
 NUMA Support: Disabled
 Compressed Oops: Enabled (Zero based)
 Heap Region Size: 2M
 Heap Min Capacity: 8M
 Heap Initial Capacity: 252M
 Heap Max Capacity: 4026M
 Pre-touch: Disabled
 Parallel Workers: 10
 Concurrent Workers: 3
 Concurrent Refinement Workers: 10
 Periodic GC: Disabled

Heap:
 garbage-first heap   total 258048K, used 26877K [0x0000000704600000, 0x0000000800000000)
  region size 2048K, 12 young (24576K), 2 survivors (4096K)
 Metaspace       used 7632K, committed 7872K, reserved 1114112K
  class space    used 1097K, committed 1216K, reserved 1048576K

Heap Regions: E=young(eden), S=young(survivor), O=old, HS=humongous(starts), HC=humongous(continues), CS=collection set, F=free, OA=open archive, CA=closed archive, TAMS=top-at-mark-start (previous, next)
|   0|0x0000000704600000, 0x0000000704800000, 0x0000000704800000|100%| O|  |TAMS 0x0000000704600000, 0x0000000704600000| Untracked 
|   1|0x0000000704800000, 0x0000000704a00000, 0x0000000704a00000|100%| O|  |TAMS 0x0000000704800000, 0x0000000704800000| Untracked 
|   2|0x0000000704a00000, 0x0000000704a3f600, 0x0000000704c00000| 12%| O|  |TAMS 0x0000000704a00000, 0x0000000704a00000| Untracked 
|   3|0x0000000704c00000, 0x0000000704c00000, 0x0000000704e00000|  0%| F|  |TAMS 0x0000000704c00000, 0x0000000704c00000| Untracked 
|   4|0x0000000704e00000, 0x0000000704e00000, 0x0000000705000000|  0%| F|  |TAMS 0x0000000704e00000, 0x0000000704e00000| Untracked 
|   5|0x0000000705000000, 0x0000000705000000, 0x0000000705200000|  0%| F|  |TAMS 0x0000000705000000, 0x0000000705000000| Untracked 
|   6|0x0000000705200000, 0x0000000705200000, 0x0000000705400000|  0%| F|  |TAMS 0x0000000705200000, 0x0000000705200000| Untracked 
|   7|0x0000000705400000, 0x0000000705400000, 0x0000000705600000|  0%| F|  |TAMS 0x0000000705400000, 0x0000000705400000| Untracked 
|   8|0x0000000705600000, 0x0000000705600000, 0x0000000705800000|  0%| F|  |TAMS 0x0000000705600000, 0x0000000705600000| Untracked 
|   9|0x0000000705800000, 0x0000000705800000, 0x0000000705a00000|  0%| F|  |TAMS 0x0000000705800000, 0x0000000705800000| Untracked 
|  10|0x0000000705a00000, 0x0000000705a00000, 0x0000000705c00000|  0%| F|  |TAMS 0x0000000705a00000, 0x0000000705a00000| Untracked 
|  11|0x0000000705c00000, 0x0000000705c00000, 0x0000000705e00000|  0%| F|  |TAMS 0x0000000705c00000, 0x0000000705c00000| Untracked 
|  12|0x0000000705e00000, 0x0000000705e00000, 0x0000000706000000|  0%| F|  |TAMS 0x0000000705e00000, 0x0000000705e00000| Untracked 
|  13|0x0000000706000000, 0x0000000706000000, 0x0000000706200000|  0%| F|  |TAMS 0x0000000706000000, 0x0000000706000000| Untracked 
|  14|0x0000000706200000, 0x0000000706200000, 0x0000000706400000|  0%| F|  |TAMS 0x0000000706200000, 0x0000000706200000| Untracked 
|  15|0x0000000706400000, 0x0000000706400000, 0x0000000706600000|  0%| F|  |TAMS 0x0000000706400000, 0x0000000706400000| Untracked 
|  16|0x0000000706600000, 0x0000000706600000, 0x0000000706800000|  0%| F|  |TAMS 0x0000000706600000, 0x0000000706600000| Untracked 
|  17|0x0000000706800000, 0x0000000706800000, 0x0000000706a00000|  0%| F|  |TAMS 0x0000000706800000, 0x0000000706800000| Untracked 
|  18|0x0000000706a00000, 0x0000000706a00000, 0x0000000706c00000|  0%| F|  |TAMS 0x0000000706a00000, 0x0000000706a00000| Untracked 
|  19|0x0000000706c00000, 0x0000000706c00000, 0x0000000706e00000|  0%| F|  |TAMS 0x0000000706c00000, 0x0000000706c00000| Untracked 
|  20|0x0000000706e00000, 0x0000000706e00000, 0x0000000707000000|  0%| F|  |TAMS 0x0000000706e00000, 0x0000000706e00000| Untracked 
|  21|0x0000000707000000, 0x0000000707000000, 0x0000000707200000|  0%| F|  |TAMS 0x0000000707000000, 0x0000000707000000| Untracked 
|  22|0x0000000707200000, 0x0000000707200000, 0x0000000707400000|  0%| F|  |TAMS 0x0000000707200000, 0x0000000707200000| Untracked 
|  23|0x0000000707400000, 0x0000000707400000, 0x0000000707600000|  0%| F|  |TAMS 0x0000000707400000, 0x0000000707400000| Untracked 
|  24|0x0000000707600000, 0x0000000707600000, 0x0000000707800000|  0%| F|  |TAMS 0x0000000707600000, 0x0000000707600000| Untracked 
|  25|0x0000000707800000, 0x0000000707800000, 0x0000000707a00000|  0%| F|  |TAMS 0x0000000707800000, 0x0000000707800000| Untracked 
|  26|0x0000000707a00000, 0x0000000707a00000, 0x0000000707c00000|  0%| F|  |TAMS 0x0000000707a00000, 0x0000000707a00000| Untracked 
|  27|0x0000000707c00000, 0x0000000707c00000, 0x0000000707e00000|  0%| F|  |TAMS 0x0000000707c00000, 0x0000000707c00000| Untracked 
|  28|0x0000000707e00000, 0x0000000707e00000, 0x0000000708000000|  0%| F|  |TAMS 0x0000000707e00000, 0x0000000707e00000| Untracked 
|  29|0x0000000708000000, 0x0000000708000000, 0x0000000708200000|  0%| F|  |TAMS 0x0000000708000000, 0x0000000708000000| Untracked 
|  30|0x0000000708200000, 0x0000000708200000, 0x0000000708400000|  0%| F|  |TAMS 0x0000000708200000, 0x0000000708200000| Untracked 
|  31|0x0000000708400000, 0x0000000708400000, 0x0000000708600000|  0%| F|  |TAMS 0x0000000708400000, 0x0000000708400000| Untracked 
|  32|0x0000000708600000, 0x0000000708600000, 0x0000000708800000|  0%| F|  |TAMS 0x0000000708600000, 0x0000000708600000| Untracked 
|  33|0x0000000708800000, 0x0000000708800000, 0x0000000708a00000|  0%| F|  |TAMS 0x0000000708800000, 0x0000000708800000| Untracked 
|  34|0x0000000708a00000, 0x0000000708a00000, 0x0000000708c00000|  0%| F|  |TAMS 0x0000000708a00000, 0x0000000708a00000| Untracked 
|  35|0x0000000708c00000, 0x0000000708c00000, 0x0000000708e00000|  0%| F|  |TAMS 0x0000000708c00000, 0x0000000708c00000| Untracked 
|  36|0x0000000708e00000, 0x0000000708e00000, 0x0000000709000000|  0%| F|  |TAMS 0x0000000708e00000, 0x0000000708e00000| Untracked 
|  37|0x0000000709000000, 0x0000000709000000, 0x0000000709200000|  0%| F|  |TAMS 0x0000000709000000, 0x0000000709000000| Untracked 
|  38|0x0000000709200000, 0x0000000709200000, 0x0000000709400000|  0%| F|  |TAMS 0x0000000709200000, 0x0000000709200000| Untracked 
|  39|0x0000000709400000, 0x0000000709400000, 0x0000000709600000|  0%| F|  |TAMS 0x0000000709400000, 0x0000000709400000| Untracked 
|  40|0x0000000709600000, 0x0000000709600000, 0x0000000709800000|  0%| F|  |TAMS 0x0000000709600000, 0x0000000709600000| Untracked 
|  41|0x0000000709800000, 0x0000000709800000, 0x0000000709a00000|  0%| F|  |TAMS 0x0000000709800000, 0x0000000709800000| Untracked 
|  42|0x0000000709a00000, 0x0000000709a00000, 0x0000000709c00000|  0%| F|  |TAMS 0x0000000709a00000, 0x0000000709a00000| Untracked 
|  43|0x0000000709c00000, 0x0000000709c00000, 0x0000000709e00000|  0%| F|  |TAMS 0x0000000709c00000, 0x0000000709c00000| Untracked 
|  44|0x0000000709e00000, 0x0000000709e00000, 0x000000070a000000|  0%| F|  |TAMS 0x0000000709e00000, 0x0000000709e00000| Untracked 
|  45|0x000000070a000000, 0x000000070a000000, 0x000000070a200000|  0%| F|  |TAMS 0x000000070a000000, 0x000000070a000000| Untracked 
|  46|0x000000070a200000, 0x000000070a200000, 0x000000070a400000|  0%| F|  |TAMS 0x000000070a200000, 0x000000070a200000| Untracked 
|  47|0x000000070a400000, 0x000000070a400000, 0x000000070a600000|  0%| F|  |TAMS 0x000000070a400000, 0x000000070a400000| Untracked 
|  48|0x000000070a600000, 0x000000070a600000, 0x000000070a800000|  0%| F|  |TAMS 0x000000070a600000, 0x000000070a600000| Untracked 
|  49|0x000000070a800000, 0x000000070a800000, 0x000000070aa00000|  0%| F|  |TAMS 0x000000070a800000, 0x000000070a800000| Untracked 
|  50|0x000000070aa00000, 0x000000070aa00000, 0x000000070ac00000|  0%| F|  |TAMS 0x000000070aa00000, 0x000000070aa00000| Untracked 
|  51|0x000000070ac00000, 0x000000070ac00000, 0x000000070ae00000|  0%| F|  |TAMS 0x000000070ac00000, 0x000000070ac00000| Untracked 
|  52|0x000000070ae00000, 0x000000070ae00000, 0x000000070b000000|  0%| F|  |TAMS 0x000000070ae00000, 0x000000070ae00000| Untracked 
|  53|0x000000070b000000, 0x000000070b000000, 0x000000070b200000|  0%| F|  |TAMS 0x000000070b000000, 0x000000070b000000| Untracked 
|  54|0x000000070b200000, 0x000000070b200000, 0x000000070b400000|  0%| F|  |TAMS 0x000000070b200000, 0x000000070b200000| Untracked 
|  55|0x000000070b400000, 0x000000070b400000, 0x000000070b600000|  0%| F|  |TAMS 0x000000070b400000, 0x000000070b400000| Untracked 
|  56|0x000000070b600000, 0x000000070b600000, 0x000000070b800000|  0%| F|  |TAMS 0x000000070b600000, 0x000000070b600000| Untracked 
|  57|0x000000070b800000, 0x000000070b800000, 0x000000070ba00000|  0%| F|  |TAMS 0x000000070b800000, 0x000000070b800000| Untracked 
|  58|0x000000070ba00000, 0x000000070ba00000, 0x000000070bc00000|  0%| F|  |TAMS 0x000000070ba00000, 0x000000070ba00000| Untracked 
|  59|0x000000070bc00000, 0x000000070bc00000, 0x000000070be00000|  0%| F|  |TAMS 0x000000070bc00000, 0x000000070bc00000| Untracked 
|  60|0x000000070be00000, 0x000000070be00000, 0x000000070c000000|  0%| F|  |TAMS 0x000000070be00000, 0x000000070be00000| Untracked 
|  61|0x000000070c000000, 0x000000070c000000, 0x000000070c200000|  0%| F|  |TAMS 0x000000070c000000, 0x000000070c000000| Untracked 
|  62|0x000000070c200000, 0x000000070c200000, 0x000000070c400000|  0%| F|  |TAMS 0x000000070c200000, 0x000000070c200000| Untracked 
|  63|0x000000070c400000, 0x000000070c400000, 0x000000070c600000|  0%| F|  |TAMS 0x000000070c400000, 0x000000070c400000| Untracked 
|  64|0x000000070c600000, 0x000000070c600000, 0x000000070c800000|  0%| F|  |TAMS 0x000000070c600000, 0x000000070c600000| Untracked 
|  65|0x000000070c800000, 0x000000070c800000, 0x000000070ca00000|  0%| F|  |TAMS 0x000000070c800000, 0x000000070c800000| Untracked 
|  66|0x000000070ca00000, 0x000000070ca00000, 0x000000070cc00000|  0%| F|  |TAMS 0x000000070ca00000, 0x000000070ca00000| Untracked 
|  67|0x000000070cc00000, 0x000000070cc00000, 0x000000070ce00000|  0%| F|  |TAMS 0x000000070cc00000, 0x000000070cc00000| Untracked 
|  68|0x000000070ce00000, 0x000000070ce00000, 0x000000070d000000|  0%| F|  |TAMS 0x000000070ce00000, 0x000000070ce00000| Untracked 
|  69|0x000000070d000000, 0x000000070d000000, 0x000000070d200000|  0%| F|  |TAMS 0x000000070d000000, 0x000000070d000000| Untracked 
|  70|0x000000070d200000, 0x000000070d200000, 0x000000070d400000|  0%| F|  |TAMS 0x000000070d200000, 0x000000070d200000| Untracked 
|  71|0x000000070d400000, 0x000000070d400000, 0x000000070d600000|  0%| F|  |TAMS 0x000000070d400000, 0x000000070d400000| Untracked 
|  72|0x000000070d600000, 0x000000070d600000, 0x000000070d800000|  0%| F|  |TAMS 0x000000070d600000, 0x000000070d600000| Untracked 
|  73|0x000000070d800000, 0x000000070d800000, 0x000000070da00000|  0%| F|  |TAMS 0x000000070d800000, 0x000000070d800000| Untracked 
|  74|0x000000070da00000, 0x000000070da00000, 0x000000070dc00000|  0%| F|  |TAMS 0x000000070da00000, 0x000000070da00000| Untracked 
|  75|0x000000070dc00000, 0x000000070dc00000, 0x000000070de00000|  0%| F|  |TAMS 0x000000070dc00000, 0x000000070dc00000| Untracked 
|  76|0x000000070de00000, 0x000000070de00000, 0x000000070e000000|  0%| F|  |TAMS 0x000000070de00000, 0x000000070de00000| Untracked 
|  77|0x000000070e000000, 0x000000070e000000, 0x000000070e200000|  0%| F|  |TAMS 0x000000070e000000, 0x000000070e000000| Untracked 
|  78|0x000000070e200000, 0x000000070e200000, 0x000000070e400000|  0%| F|  |TAMS 0x000000070e200000, 0x000000070e200000| Untracked 
|  79|0x000000070e400000, 0x000000070e400000, 0x000000070e600000|  0%| F|  |TAMS 0x000000070e400000, 0x000000070e400000| Untracked 
|  80|0x000000070e600000, 0x000000070e600000, 0x000000070e800000|  0%| F|  |TAMS 0x000000070e600000, 0x000000070e600000| Untracked 
|  81|0x000000070e800000, 0x000000070e800000, 0x000000070ea00000|  0%| F|  |TAMS 0x000000070e800000, 0x000000070e800000| Untracked 
|  82|0x000000070ea00000, 0x000000070ea00000, 0x000000070ec00000|  0%| F|  |TAMS 0x000000070ea00000, 0x000000070ea00000| Untracked 
|  83|0x000000070ec00000, 0x000000070ec00000, 0x000000070ee00000|  0%| F|  |TAMS 0x000000070ec00000, 0x000000070ec00000| Untracked 
|  84|0x000000070ee00000, 0x000000070ee00000, 0x000000070f000000|  0%| F|  |TAMS 0x000000070ee00000, 0x000000070ee00000| Untracked 
|  85|0x000000070f000000, 0x000000070f000000, 0x000000070f200000|  0%| F|  |TAMS 0x000000070f000000, 0x000000070f000000| Untracked 
|  86|0x000000070f200000, 0x000000070f200000, 0x000000070f400000|  0%| F|  |TAMS 0x000000070f200000, 0x000000070f200000| Untracked 
|  87|0x000000070f400000, 0x000000070f400000, 0x000000070f600000|  0%| F|  |TAMS 0x000000070f400000, 0x000000070f400000| Untracked 
|  88|0x000000070f600000, 0x000000070f600000, 0x000000070f800000|  0%| F|  |TAMS 0x000000070f600000, 0x000000070f600000| Untracked 
|  89|0x000000070f800000, 0x000000070f800000, 0x000000070fa00000|  0%| F|  |TAMS 0x000000070f800000, 0x000000070f800000| Untracked 
|  90|0x000000070fa00000, 0x000000070fa00000, 0x000000070fc00000|  0%| F|  |TAMS 0x000000070fa00000, 0x000000070fa00000| Untracked 
|  91|0x000000070fc00000, 0x000000070fc00000, 0x000000070fe00000|  0%| F|  |TAMS 0x000000070fc00000, 0x000000070fc00000| Untracked 
|  92|0x000000070fe00000, 0x000000070fe00000, 0x0000000710000000|  0%| F|  |TAMS 0x000000070fe00000, 0x000000070fe00000| Untracked 
|  93|0x0000000710000000, 0x0000000710000000, 0x0000000710200000|  0%| F|  |TAMS 0x0000000710000000, 0x0000000710000000| Untracked 
|  94|0x0000000710200000, 0x0000000710200000, 0x0000000710400000|  0%| F|  |TAMS 0x0000000710200000, 0x0000000710200000| Untracked 
|  95|0x0000000710400000, 0x0000000710400000, 0x0000000710600000|  0%| F|  |TAMS 0x0000000710400000, 0x0000000710400000| Untracked 
|  96|0x0000000710600000, 0x0000000710600000, 0x0000000710800000|  0%| F|  |TAMS 0x0000000710600000, 0x0000000710600000| Untracked 
|  97|0x0000000710800000, 0x0000000710800000, 0x0000000710a00000|  0%| F|  |TAMS 0x0000000710800000, 0x0000000710800000| Untracked 
|  98|0x0000000710a00000, 0x0000000710a00000, 0x0000000710c00000|  0%| F|  |TAMS 0x0000000710a00000, 0x0000000710a00000| Untracked 
|  99|0x0000000710c00000, 0x0000000710c00000, 0x0000000710e00000|  0%| F|  |TAMS 0x0000000710c00000, 0x0000000710c00000| Untracked 
| 100|0x0000000710e00000, 0x0000000710e00000, 0x0000000711000000|  0%| F|  |TAMS 0x0000000710e00000, 0x0000000710e00000| Untracked 
| 101|0x0000000711000000, 0x0000000711000000, 0x0000000711200000|  0%| F|  |TAMS 0x0000000711000000, 0x0000000711000000| Untracked 
| 102|0x0000000711200000, 0x0000000711200000, 0x0000000711400000|  0%| F|  |TAMS 0x0000000711200000, 0x0000000711200000| Untracked 
| 103|0x0000000711400000, 0x0000000711400000, 0x0000000711600000|  0%| F|  |TAMS 0x0000000711400000, 0x0000000711400000| Untracked 
| 104|0x0000000711600000, 0x0000000711600000, 0x0000000711800000|  0%| F|  |TAMS 0x0000000711600000, 0x0000000711600000| Untracked 
| 105|0x0000000711800000, 0x0000000711800000, 0x0000000711a00000|  0%| F|  |TAMS 0x0000000711800000, 0x0000000711800000| Untracked 
| 106|0x0000000711a00000, 0x0000000711a00000, 0x0000000711c00000|  0%| F|  |TAMS 0x0000000711a00000, 0x0000000711a00000| Untracked 
| 107|0x0000000711c00000, 0x0000000711c00000, 0x0000000711e00000|  0%| F|  |TAMS 0x0000000711c00000, 0x0000000711c00000| Untracked 
| 108|0x0000000711e00000, 0x0000000711e00000, 0x0000000712000000|  0%| F|  |TAMS 0x0000000711e00000, 0x0000000711e00000| Untracked 
| 109|0x0000000712000000, 0x0000000712000000, 0x0000000712200000|  0%| F|  |TAMS 0x0000000712000000, 0x0000000712000000| Untracked 
| 110|0x0000000712200000, 0x0000000712200000, 0x0000000712400000|  0%| F|  |TAMS 0x0000000712200000, 0x0000000712200000| Untracked 
| 111|0x0000000712400000, 0x0000000712400000, 0x0000000712600000|  0%| F|  |TAMS 0x0000000712400000, 0x0000000712400000| Untracked 
| 112|0x0000000712600000, 0x0000000712600000, 0x0000000712800000|  0%| F|  |TAMS 0x0000000712600000, 0x0000000712600000| Untracked 
| 113|0x0000000712800000, 0x0000000712a00000, 0x0000000712a00000|100%| S|CS|TAMS 0x0000000712800000, 0x0000000712800000| Complete 
| 114|0x0000000712a00000, 0x0000000712c00000, 0x0000000712c00000|100%| S|CS|TAMS 0x0000000712a00000, 0x0000000712a00000| Complete 
| 115|0x0000000712c00000, 0x0000000712c00000, 0x0000000712e00000|  0%| F|  |TAMS 0x0000000712c00000, 0x0000000712c00000| Untracked 
| 116|0x0000000712e00000, 0x0000000712f32a80, 0x0000000713000000| 59%| E|  |TAMS 0x0000000712e00000, 0x0000000712e00000| Complete 
| 117|0x0000000713000000, 0x0000000713200000, 0x0000000713200000|100%| E|CS|TAMS 0x0000000713000000, 0x0000000713000000| Complete 
| 118|0x0000000713200000, 0x0000000713400000, 0x0000000713400000|100%| E|CS|TAMS 0x0000000713200000, 0x0000000713200000| Complete 
| 119|0x0000000713400000, 0x0000000713600000, 0x0000000713600000|100%| E|CS|TAMS 0x0000000713400000, 0x0000000713400000| Complete 
| 120|0x0000000713600000, 0x0000000713800000, 0x0000000713800000|100%| E|CS|TAMS 0x0000000713600000, 0x0000000713600000| Complete 
| 121|0x0000000713800000, 0x0000000713a00000, 0x0000000713a00000|100%| E|CS|TAMS 0x0000000713800000, 0x0000000713800000| Complete 
| 122|0x0000000713a00000, 0x0000000713c00000, 0x0000000713c00000|100%| E|CS|TAMS 0x0000000713a00000, 0x0000000713a00000| Complete 
| 123|0x0000000713c00000, 0x0000000713e00000, 0x0000000713e00000|100%| E|CS|TAMS 0x0000000713c00000, 0x0000000713c00000| Complete 
| 124|0x0000000713e00000, 0x0000000714000000, 0x0000000714000000|100%| E|CS|TAMS 0x0000000713e00000, 0x0000000713e00000| Complete 
| 125|0x0000000714000000, 0x0000000714200000, 0x0000000714200000|100%| E|CS|TAMS 0x0000000714000000, 0x0000000714000000| Complete 

Card table byte_map: [0x0000027421820000,0x0000027422000000] _byte_map_base: 0x000002741dffd000

Marking Bits (Prev, Next): (CMBitMap*) 0x000002741622a6a0, (CMBitMap*) 0x000002741622a6e0
 Prev Bits: [0x00000274227e0000, 0x00000274266c8000)
 Next Bits: [0x00000274266d0000, 0x000002742a5b8000)

Polling page: 0x0000027415960000

Metaspace:

Usage:
  Non-class:      6.38 MB used.
      Class:      1.07 MB used.
       Both:      7.45 MB used.

Virtual space:
  Non-class space:       64.00 MB reserved,       6.50 MB ( 10%) committed,  1 nodes.
      Class space:        1.00 GB reserved,       1.19 MB ( <1%) committed,  1 nodes.
             Both:        1.06 GB reserved,       7.69 MB ( <1%) committed. 

Chunk freelists:
   Non-Class:  7.86 MB
       Class:  14.70 MB
        Both:  22.56 MB

MaxMetaspaceSize: unlimited
CompressedClassSpaceSize: 1.00 GB
Initial GC threshold: 21.00 MB
Current GC threshold: 21.00 MB
CDS: on
MetaspaceReclaimPolicy: balanced
 - commit_granule_bytes: 65536.
 - commit_granule_words: 8192.
 - virtual_space_node_default_size: 8388608.
 - enlarge_chunks_in_place: 1.
 - new_chunks_are_fully_committed: 0.
 - uncommit_free_chunks: 1.
 - use_allocation_guard: 0.
 - handle_deallocations: 1.


Internal statistics:

num_allocs_failed_limit: 0.
num_arena_births: 206.
num_arena_deaths: 0.
num_vsnodes_births: 2.
num_vsnodes_deaths: 0.
num_space_committed: 123.
num_space_uncommitted: 0.
num_chunks_returned_to_freelist: 0.
num_chunks_taken_from_freelist: 482.
num_chunk_merges: 0.
num_chunk_splits: 294.
num_chunks_enlarged: 202.
num_inconsistent_stats: 0.

CodeCache: size=49152Kb used=5248Kb max_used=5248Kb free=43903Kb
 bounds [0x000002741dd10000, 0x000002741e240000, 0x0000027420d10000]
 total_blobs=2094 nmethods=1658 adapters=360
 compilation: enabled
              stopped_count=0, restarted_count=0
 full_count=0

Compilation events (20 events):
Event: 0.748 Thread 0x000002742d458350 1650       1       org.springframework.core.ResolvableType::forType (17 bytes)
Event: 0.748 Thread 0x000002742d458870 nmethod 1648 0x000002741e22c010 code [0x000002741e22c1a0, 0x000002741e22c2b8]
Event: 0.748 Thread 0x000002742d450e80 1652       1       java.lang.Class::getGenericInterfaces (21 bytes)
Event: 0.748 Thread 0x000002742d458870 1653       1       sun.reflect.generics.repository.ClassRepository::getSuperInterfaces (27 bytes)
Event: 0.748 Thread 0x000002742d450e80 nmethod 1652 0x000002741e22c310 code [0x000002741e22c4e0, 0x000002741e22c718]
Event: 0.748 Thread 0x000002742d458870 nmethod 1653 0x000002741e22c890 code [0x000002741e22ca40, 0x000002741e22cc38]
Event: 0.748 Thread 0x000002742d450e80 1649       1       java.util.LinkedHashMap::keySet (25 bytes)
Event: 0.748 Thread 0x000002742d458350 nmethod 1650 0x000002741e22cd10 code [0x000002741e22cec0, 0x000002741e22d088]
Event: 0.749 Thread 0x000002742d450e80 nmethod 1649 0x000002741e22d190 code [0x000002741e22d320, 0x000002741e22d4f8]
Event: 0.749 Thread 0x000002742cd78540 nmethod 1651 0x000002741e22d590 code [0x000002741e22d7a0, 0x000002741e22dde8]
Event: 0.750 Thread 0x000002742cd78540 1654       1       java.lang.invoke.LambdaFormEditor$TransformKey::<init> (15 bytes)
Event: 0.750 Thread 0x000002742cd78540 nmethod 1654 0x000002741e22e110 code [0x000002741e22e2a0, 0x000002741e22e398]
Event: 0.751 Thread 0x000002742d458870 1655       1       java.lang.invoke.MethodHandles$Lookup::resolveOrFail (44 bytes)
Event: 0.751 Thread 0x000002742d450e80 1656       1       java.lang.invoke.MethodHandles$Lookup::getDirectMethodForConstant (72 bytes)
Event: 0.751 Thread 0x000002742d458870 nmethod 1655 0x000002741e22e410 code [0x000002741e22e620, 0x000002741e22eb08]
Event: 0.751 Thread 0x000002742d450e80 nmethod 1656 0x000002741e22ed90 code [0x000002741e22f000, 0x000002741e22f748]
Event: 0.752 Thread 0x000002742d450e80 1657       1       java.util.BitSet::wordIndex (5 bytes)
Event: 0.752 Thread 0x000002742d458870 1658       1       java.util.BitSet::checkInvariants (111 bytes)
Event: 0.752 Thread 0x000002742d450e80 nmethod 1657 0x000002741e22fb10 code [0x000002741e22fca0, 0x000002741e22fd58]
Event: 0.752 Thread 0x000002742d458870 nmethod 1658 0x000002741e22fe10 code [0x000002741e22ffa0, 0x000002741e230058]

GC Heap History (2 events):
Event: 0.368 GC heap before
{Heap before GC invocations=0 (full 0):
 garbage-first heap   total 258048K, used 20480K [0x0000000704600000, 0x0000000800000000)
  region size 2048K, 11 young (22528K), 0 survivors (0K)
 Metaspace       used 3662K, committed 3840K, reserved 1114112K
  class space    used 465K, committed 576K, reserved 1048576K
}
Event: 0.372 GC heap after
{Heap after GC invocations=1 (full 0):
 garbage-first heap   total 258048K, used 8445K [0x0000000704600000, 0x0000000800000000)
  region size 2048K, 2 young (4096K), 2 survivors (4096K)
 Metaspace       used 3662K, committed 3840K, reserved 1114112K
  class space    used 465K, committed 576K, reserved 1048576K
}

Dll operation events (9 events):
Event: 0.007 Loaded shared library C:\Program Files\Eclipse Adoptium\jdk-17.0.18.8-hotspot\bin\java.dll
Event: 0.025 Loaded shared library C:\Program Files\Eclipse Adoptium\jdk-17.0.18.8-hotspot\bin\jsvml.dll
Event: 0.107 Loaded shared library C:\Program Files\Eclipse Adoptium\jdk-17.0.18.8-hotspot\bin\zip.dll
Event: 0.108 Loaded shared library C:\Program Files\Eclipse Adoptium\jdk-17.0.18.8-hotspot\bin\instrument.dll
Event: 0.112 Loaded shared library C:\Program Files\Eclipse Adoptium\jdk-17.0.18.8-hotspot\bin\net.dll
Event: 0.113 Loaded shared library C:\Program Files\Eclipse Adoptium\jdk-17.0.18.8-hotspot\bin\nio.dll
Event: 0.115 Loaded shared library C:\Program Files\Eclipse Adoptium\jdk-17.0.18.8-hotspot\bin\zip.dll
Event: 0.201 Loaded shared library C:\Program Files\Eclipse Adoptium\jdk-17.0.18.8-hotspot\bin\extnet.dll
Event: 0.220 Loaded shared library C:\Program Files\Eclipse Adoptium\jdk-17.0.18.8-hotspot\bin\jimage.dll

Deoptimization events (0 events):
No events

Classes loaded (20 events):
Event: 0.714 Loading class java/lang/ProcessHandle
Event: 0.715 Loading class java/lang/ProcessHandle done
Event: 0.715 Loading class java/lang/ProcessHandleImpl
Event: 0.715 Loading class java/lang/ProcessHandleImpl done
Event: 0.716 Loading class java/util/concurrent/SynchronousQueue
Event: 0.716 Loading class java/util/concurrent/SynchronousQueue done
Event: 0.716 Loading class java/util/concurrent/SynchronousQueue$TransferStack
Event: 0.717 Loading class java/util/concurrent/SynchronousQueue$Transferer
Event: 0.717 Loading class java/util/concurrent/SynchronousQueue$Transferer done
Event: 0.717 Loading class java/util/concurrent/SynchronousQueue$TransferStack done
Event: 0.717 Loading class java/util/concurrent/SynchronousQueue$TransferStack$SNode
Event: 0.717 Loading class java/util/concurrent/SynchronousQueue$TransferStack$SNode done
Event: 0.723 Loading class java/util/concurrent/ScheduledExecutorService
Event: 0.723 Loading class java/util/concurrent/ScheduledExecutorService done
Event: 0.723 Loading class java/util/concurrent/Executors$DefaultThreadFactory
Event: 0.723 Loading class java/util/concurrent/Executors$DefaultThreadFactory done
Event: 0.732 Loading class java/util/Stack
Event: 0.732 Loading class java/util/Stack done
Event: 0.732 Loading class java/util/Vector$Itr
Event: 0.732 Loading class java/util/Vector$Itr done

Classes unloaded (0 events):
No events

Classes redefined (0 events):
No events

Internal exceptions (20 events):
Event: 0.561 Thread 0x00000274161baec0 Exception <a 'java/lang/NoSuchMethodError'{0x000000071345dc98}: 'java.lang.Object java.lang.invoke.DirectMethodHandle$Holder.invokeSpecial(java.lang.Object, java.lang.Object, java.lang.Object, int, java.lang.Object)'> (0x000000071345dc98) 
thrown [s\src\hotspot\share\interpreter\linkResolver.cpp, line 759]
Event: 0.561 Thread 0x00000274161baec0 Exception <a 'java/lang/NoSuchMethodError'{0x0000000713466338}: 'java.lang.Object java.lang.invoke.DirectMethodHandle$Holder.newInvokeSpecial(java.lang.Object, java.lang.Object, java.lang.Object, int, java.lang.Object)'> (0x0000000713466338) 
thrown [s\src\hotspot\share\interpreter\linkResolver.cpp, line 759]
Event: 0.562 Thread 0x00000274161baec0 Exception <a 'java/lang/NoSuchMethodError'{0x000000071346dd08}: 'java.lang.Object java.lang.invoke.Invokers$Holder.linkToTargetMethod(java.lang.Object, java.lang.Object, int, java.lang.Object, java.lang.Object)'> (0x000000071346dd08) 
thrown [s\src\hotspot\share\interpreter\linkResolver.cpp, line 759]
Event: 0.563 Thread 0x00000274161baec0 Exception <a 'java/lang/NoSuchMethodError'{0x000000071347fcb0}: 'java.lang.Object java.lang.invoke.DirectMethodHandle$Holder.newInvokeSpecial(java.lang.Object, int, java.lang.Object)'> (0x000000071347fcb0) 
thrown [s\src\hotspot\share\interpreter\linkResolver.cpp, line 759]
Event: 0.563 Thread 0x00000274161baec0 Exception <a 'java/lang/NoSuchMethodError'{0x0000000713484990}: 'int java.lang.invoke.DirectMethodHandle$Holder.invokeSpecialIFC(java.lang.Object, java.lang.Object, java.lang.Object, java.lang.Object)'> (0x0000000713484990) 
thrown [s\src\hotspot\share\interpreter\linkResolver.cpp, line 759]
Event: 0.575 Thread 0x00000274161baec0 Exception <a 'java/lang/NoSuchMethodError'{0x000000071355cb50}: 'void java.lang.invoke.DirectMethodHandle$Holder.invokeInterface(java.lang.Object, java.lang.Object, java.lang.Object)'> (0x000000071355cb50) 
thrown [s\src\hotspot\share\interpreter\linkResolver.cpp, line 759]
Event: 0.588 Thread 0x00000274161baec0 Exception <a 'java/lang/NoSuchMethodError'{0x0000000713205b10}: 'java.lang.Object java.lang.invoke.DirectMethodHandle$Holder.invokeStatic(java.lang.Object, java.lang.Object, int)'> (0x0000000713205b10) 
thrown [s\src\hotspot\share\interpreter\linkResolver.cpp, line 759]
Event: 0.588 Thread 0x00000274161baec0 Exception <a 'java/lang/NoSuchMethodError'{0x0000000713211528}: 'void java.lang.invoke.DelegatingMethodHandle$Holder.delegate(java.lang.Object, java.lang.Object, int, java.lang.Object)'> (0x0000000713211528) 
thrown [s\src\hotspot\share\interpreter\linkResolver.cpp, line 759]
Event: 0.694 Thread 0x00000274161baec0 Exception <a 'java/lang/NoSuchMethodError'{0x0000000713311c68}: 'java.lang.Object java.lang.invoke.DirectMethodHandle$Holder.invokeVirtual(java.lang.Object, java.lang.Object, java.lang.Object)'> (0x0000000713311c68) 
thrown [s\src\hotspot\share\interpreter\linkResolver.cpp, line 759]
Event: 0.706 Thread 0x00000274161baec0 Exception <a 'java/lang/NoSuchMethodError'{0x00000007133fb998}: 'void java.lang.invoke.DirectMethodHandle$Holder.invokeStatic(java.lang.Object, java.lang.Object, int)'> (0x00000007133fb998) 
thrown [s\src\hotspot\share\interpreter\linkResolver.cpp, line 759]
Event: 0.709 Thread 0x00000274161baec0 Exception <a 'java/lang/NoSuchMethodError'{0x0000000713011b98}: 'void java.lang.invoke.DirectMethodHandle$Holder.invokeStaticInit(java.lang.Object, java.lang.Object, java.lang.Object)'> (0x0000000713011b98) 
thrown [s\src\hotspot\share\interpreter\linkResolver.cpp, line 759]
Event: 0.715 Thread 0x00000274161baec0 Exception <a 'java/lang/NoSuchMethodError'{0x0000000713064c60}: 'java.lang.Object java.lang.invoke.DirectMethodHandle$Holder.invokeStatic(java.lang.Object, java.lang.Object, long, java.lang.Object)'> (0x0000000713064c60) 
thrown [s\src\hotspot\share\interpreter\linkResolver.cpp, line 759]
Event: 0.716 Thread 0x00000274161baec0 Exception <a 'java/lang/NoSuchMethodError'{0x00000007130686f8}: 'java.lang.Object java.lang.invoke.DirectMethodHandle$Holder.invokeStaticInit(java.lang.Object, java.lang.Object, long, java.lang.Object)'> (0x00000007130686f8) 
thrown [s\src\hotspot\share\interpreter\linkResolver.cpp, line 759]
Event: 0.716 Thread 0x00000274161baec0 Exception <a 'java/lang/NoSuchMethodError'{0x000000071306ea28}: 'java.lang.Object java.lang.invoke.DirectMethodHandle$Holder.newInvokeSpecial(java.lang.Object, java.lang.Object, long)'> (0x000000071306ea28) 
thrown [s\src\hotspot\share\interpreter\linkResolver.cpp, line 759]
Event: 0.716 Thread 0x00000274161baec0 Exception <a 'java/lang/NoSuchMethodError'{0x0000000713072598}: 'java.lang.Object java.lang.invoke.Invokers$Holder.linkToTargetMethod(java.lang.Object, long, java.lang.Object)'> (0x0000000713072598) 
thrown [s\src\hotspot\share\interpreter\linkResolver.cpp, line 759]
Event: 0.724 Thread 0x00000274161baec0 Exception <a 'java/lang/NoSuchMethodError'{0x00000007130cc450}: 'void java.lang.invoke.DirectMethodHandle$Holder.invokeSpecial(java.lang.Object, java.lang.Object, java.lang.Object, java.lang.Object, java.lang.Object)'> (0x00000007130cc450) 
thrown [s\src\hotspot\share\interpreter\linkResolver.cpp, line 759]
Event: 0.724 Thread 0x00000274161baec0 Exception <a 'java/lang/NoSuchMethodError'{0x00000007130d49e0}: 'void java.lang.invoke.DirectMethodHandle$Holder.invokeVirtual(java.lang.Object, java.lang.Object, java.lang.Object, java.lang.Object)'> (0x00000007130d49e0) 
thrown [s\src\hotspot\share\interpreter\linkResolver.cpp, line 759]
Event: 0.746 Thread 0x00000274161baec0 Exception <a 'java/lang/NoSuchMethodError'{0x0000000712e33400}: 'void java.lang.invoke.DirectMethodHandle$Holder.invokeSpecial(java.lang.Object, java.lang.Object, java.lang.Object)'> (0x0000000712e33400) 
thrown [s\src\hotspot\share\interpreter\linkResolver.cpp, line 759]
Event: 0.748 Thread 0x00000274161baec0 Exception <a 'java/lang/IncompatibleClassChangeError'{0x0000000712e5b468}: Found class java.lang.Object, but interface was expected> (0x0000000712e5b468) 
thrown [s\src\hotspot\share\interpreter\linkResolver.cpp, line 826]
Event: 0.749 Thread 0x0000027473352730 Exception <a 'java/lang/NoClassDefFoundError'{0x0000000712e78c08}: jakarta/validation/Validation> (0x0000000712e78c08) 
thrown [s\src\hotspot\share\classfile\systemDictionary.cpp, line 245]

VM Operations (20 events):
Event: 0.368 Executing VM operation: G1CollectForAllocation
Event: 0.372 Executing VM operation: G1CollectForAllocation done
Event: 0.421 Executing VM operation: HandshakeAllThreads
Event: 0.421 Executing VM operation: HandshakeAllThreads done
Event: 0.546 Executing VM operation: HandshakeAllThreads
Event: 0.546 Executing VM operation: HandshakeAllThreads done
Event: 0.588 Executing VM operation: HandshakeAllThreads
Event: 0.588 Executing VM operation: HandshakeAllThreads done
Event: 0.596 Executing VM operation: HandshakeAllThreads
Event: 0.596 Executing VM operation: HandshakeAllThreads done
Event: 0.690 Executing VM operation: ICBufferFull
Event: 0.690 Executing VM operation: ICBufferFull done
Event: 0.706 Executing VM operation: HandshakeAllThreads
Event: 0.706 Executing VM operation: HandshakeAllThreads done
Event: 0.707 Executing VM operation: HandshakeAllThreads
Event: 0.707 Executing VM operation: HandshakeAllThreads done
Event: 0.742 Executing VM operation: HandshakeAllThreads
Event: 0.742 Executing VM operation: HandshakeAllThreads done
Event: 0.745 Executing VM operation: HandshakeAllThreads
Event: 0.745 Executing VM operation: HandshakeAllThreads done

Memory protections (0 events):
No events

Nmethod flushes (0 events):
No events

Events (18 events):
Event: 0.026 Thread 0x00000274161baec0 Thread added: 0x00000274161baec0
Event: 0.031 Thread 0x00000274161baec0 Thread added: 0x000002742cd5ca60
Event: 0.031 Thread 0x00000274161baec0 Thread added: 0x000002742cd5e630
Event: 0.036 Thread 0x00000274161baec0 Thread added: 0x000002742cd72d20
Event: 0.036 Thread 0x00000274161baec0 Thread added: 0x000002742cd757f0
Event: 0.036 Thread 0x00000274161baec0 Thread added: 0x000002742cd771c0
Event: 0.036 Thread 0x00000274161baec0 Thread added: 0x000002742cd77b80
Event: 0.036 Thread 0x00000274161baec0 Thread added: 0x000002742cd78540
Event: 0.036 Thread 0x00000274161baec0 Thread added: 0x000002742cd7b690
Event: 0.096 Thread 0x00000274161baec0 Thread added: 0x000002742d43b150
Event: 0.100 Thread 0x000002742cd78540 Thread added: 0x000002742d450e80
Event: 0.101 Thread 0x000002742d450e80 Thread added: 0x000002742d458350
Event: 0.101 Thread 0x000002742d450e80 Thread added: 0x000002742d458870
Event: 0.191 Thread 0x00000274161baec0 Thread added: 0x000002742da8a720
Event: 0.191 Thread 0x00000274161baec0 Thread added: 0x000002742da8ac00
Event: 0.684 Thread 0x00000274161baec0 Thread added: 0x00000274732efba0
Event: 0.688 Thread 0x00000274732efba0 Thread exited: 0x00000274732efba0
Event: 0.748 Thread 0x00000274161baec0 Thread added: 0x0000027473352730


Dynamic libraries:
0x00007ff75f970000 - 0x00007ff75f97e000 	C:\Program Files\Eclipse Adoptium\jdk-17.0.18.8-hotspot\bin\java.exe
0x00007ffd7cc20000 - 0x00007ffd7ce87000 	C:\WINDOWS\SYSTEM32\ntdll.dll
0x00007ffd7ad40000 - 0x00007ffd7ae09000 	C:\WINDOWS\System32\KERNEL32.DLL
0x00007ffd794f0000 - 0x00007ffd798e4000 	C:\WINDOWS\System32\KERNELBASE.dll
0x00007ffd7a340000 - 0x00007ffd7a48b000 	C:\WINDOWS\System32\ucrtbase.dll
0x00007ffd4e100000 - 0x00007ffd4e11e000 	C:\Program Files\Eclipse Adoptium\jdk-17.0.18.8-hotspot\bin\VCRUNTIME140.dll
0x00007ffd52b80000 - 0x00007ffd52b98000 	C:\Program Files\Eclipse Adoptium\jdk-17.0.18.8-hotspot\bin\jli.dll
0x00007ffd7c430000 - 0x00007ffd7c5f5000 	C:\WINDOWS\System32\USER32.dll
0x00007ffd7a8d0000 - 0x00007ffd7a8f7000 	C:\WINDOWS\System32\win32u.dll
0x00007ffd566d0000 - 0x00007ffd56963000 	C:\WINDOWS\WinSxS\amd64_microsoft.windows.common-controls_6595b64144ccf1df_6.0.26100.8115_none_3e075c82e3354f9c\COMCTL32.dll
0x00007ffd7c1c0000 - 0x00007ffd7c1eb000 	C:\WINDOWS\System32\GDI32.dll
0x00007ffd7b590000 - 0x00007ffd7b639000 	C:\WINDOWS\System32\msvcrt.dll
0x00007ffd7a210000 - 0x00007ffd7a33b000 	C:\WINDOWS\System32\gdi32full.dll
0x00007ffd798f0000 - 0x00007ffd79993000 	C:\WINDOWS\System32\msvcp_win.dll
0x00007ffd7b680000 - 0x00007ffd7b6b2000 	C:\WINDOWS\System32\IMM32.DLL
0x00007ffd72da0000 - 0x00007ffd72dac000 	C:\Program Files\Eclipse Adoptium\jdk-17.0.18.8-hotspot\bin\vcruntime140_1.dll
0x00007ffd000e0000 - 0x00007ffd0016d000 	C:\Program Files\Eclipse Adoptium\jdk-17.0.18.8-hotspot\bin\msvcp140.dll
0x00007ffce7e30000 - 0x00007ffce8a9b000 	C:\Program Files\Eclipse Adoptium\jdk-17.0.18.8-hotspot\bin\server\jvm.dll
0x00007ffd7c700000 - 0x00007ffd7c7b6000 	C:\WINDOWS\System32\ADVAPI32.dll
0x00007ffd7bee0000 - 0x00007ffd7bf87000 	C:\WINDOWS\System32\sechost.dll
0x00007ffd7a9b0000 - 0x00007ffd7aac8000 	C:\WINDOWS\System32\RPCRT4.dll
0x00007ffd7c130000 - 0x00007ffd7c1b0000 	C:\WINDOWS\System32\WS2_32.dll
0x00007ffd79350000 - 0x00007ffd793ae000 	C:\WINDOWS\SYSTEM32\POWRPROF.dll
0x00007ffd659a0000 - 0x00007ffd659d6000 	C:\WINDOWS\SYSTEM32\WINMM.dll
0x00007ffd72cc0000 - 0x00007ffd72ccb000 	C:\WINDOWS\SYSTEM32\VERSION.dll
0x00007ffd79330000 - 0x00007ffd79344000 	C:\WINDOWS\SYSTEM32\UMPDC.dll
0x00007ffd78280000 - 0x00007ffd7829b000 	C:\WINDOWS\SYSTEM32\kernel.appcore.dll
0x00007ffd72d70000 - 0x00007ffd72d7a000 	C:\Program Files\Eclipse Adoptium\jdk-17.0.18.8-hotspot\bin\jimage.dll
0x00007ffd77510000 - 0x00007ffd77752000 	C:\WINDOWS\SYSTEM32\DBGHELP.DLL
0x00007ffd7b6c0000 - 0x00007ffd7ba42000 	C:\WINDOWS\System32\combase.dll
0x00007ffd7c1f0000 - 0x00007ffd7c2c8000 	C:\WINDOWS\System32\OLEAUT32.dll
0x00007ffd41760000 - 0x00007ffd4179b000 	C:\WINDOWS\SYSTEM32\dbgcore.DLL
0x00007ffd7a900000 - 0x00007ffd7a9a5000 	C:\WINDOWS\System32\bcryptPrimitives.dll
0x00007ffd6c100000 - 0x00007ffd6c10e000 	C:\Program Files\Eclipse Adoptium\jdk-17.0.18.8-hotspot\bin\instrument.dll
0x00007ffd4e0d0000 - 0x00007ffd4e0f5000 	C:\Program Files\Eclipse Adoptium\jdk-17.0.18.8-hotspot\bin\java.dll
0x00007ffd00000000 - 0x00007ffd000d7000 	C:\Program Files\Eclipse Adoptium\jdk-17.0.18.8-hotspot\bin\jsvml.dll
0x00007ffd7ae20000 - 0x00007ffd7b587000 	C:\WINDOWS\System32\SHELL32.dll
0x00007ffd7a6d0000 - 0x00007ffd7a83a000 	C:\WINDOWS\System32\wintypes.dll
0x00007ffd799a0000 - 0x00007ffd7a208000 	C:\WINDOWS\System32\windows.storage.dll
0x00007ffd7aad0000 - 0x00007ffd7abc8000 	C:\WINDOWS\System32\SHCORE.dll
0x00007ffd7cb70000 - 0x00007ffd7cbd6000 	C:\WINDOWS\System32\shlwapi.dll
0x00007ffd79410000 - 0x00007ffd79439000 	C:\WINDOWS\SYSTEM32\profapi.dll
0x00007ffd3ea80000 - 0x00007ffd3ea98000 	C:\Program Files\Eclipse Adoptium\jdk-17.0.18.8-hotspot\bin\zip.dll
0x00007ffd4e000000 - 0x00007ffd4e01a000 	C:\Program Files\Eclipse Adoptium\jdk-17.0.18.8-hotspot\bin\net.dll
0x00007ffd6c880000 - 0x00007ffd6c9ad000 	C:\WINDOWS\SYSTEM32\WINHTTP.dll
0x00007ffd787f0000 - 0x00007ffd7885c000 	C:\WINDOWS\system32\mswsock.dll
0x00007ffd3eaa0000 - 0x00007ffd3eab6000 	C:\Program Files\Eclipse Adoptium\jdk-17.0.18.8-hotspot\bin\nio.dll
0x00007ffd651f0000 - 0x00007ffd651f9000 	C:\Program Files\Eclipse Adoptium\jdk-17.0.18.8-hotspot\bin\extnet.dll
0x00007ffd77c80000 - 0x00007ffd77cb2000 	C:\WINDOWS\SYSTEM32\IPHLPAPI.DLL
0x00007ffd7abd0000 - 0x00007ffd7abda000 	C:\WINDOWS\System32\NSI.dll
0x00007ffd72ac0000 - 0x00007ffd72add000 	C:\WINDOWS\SYSTEM32\dhcpcsvc6.DLL
0x00007ffd72a80000 - 0x00007ffd72aa5000 	C:\WINDOWS\SYSTEM32\dhcpcsvc.DLL
0x00007ffd77d10000 - 0x00007ffd77e42000 	C:\WINDOWS\SYSTEM32\DNSAPI.dll
0x00007ffd702c0000 - 0x00007ffd702cb000 	C:\Windows\System32\rasadhlp.dll
0x00007ffd72f00000 - 0x00007ffd72f86000 	C:\WINDOWS\System32\fwpuclnt.dll

dbghelp: loaded successfully - version: 4.0.5 - missing functions: none
symbol engine: initialized successfully - sym options: 0x614 - pdb path: .;C:\Program Files\Eclipse Adoptium\jdk-17.0.18.8-hotspot\bin;C:\WINDOWS\SYSTEM32;C:\WINDOWS\WinSxS\amd64_microsoft.windows.common-controls_6595b64144ccf1df_6.0.26100.8115_none_3e075c82e3354f9c;C:\Program Files\Eclipse Adoptium\jdk-17.0.18.8-hotspot\bin\server

VM Arguments:
jvm_args: -XX:TieredStopAtLevel=1 -Dspring.output.ansi.enabled=always -javaagent:C:\Program Files\JetBrains\IntelliJ IDEA 2026.1\lib\idea_rt.jar=55813 -Dfile.encoding=UTF-8 
java_command: com.library.auth_service.AuthServiceApplication
java_class_path (initial): C:\Users\EL-Mostwred\Downloads\Telegram Desktop\library-microservices\auth-service\target\classes;C:\Users\EL-Mostwred\.m2\repository\org\springframework\boot\spring-boot-starter-web\3.2.5\spring-boot-starter-web-3.2.5.jar;C:\Users\EL-Mostwred\.m2\repository\org\springframework\boot\spring-boot-starter\3.2.5\spring-boot-starter-3.2.5.jar;C:\Users\EL-Mostwred\.m2\repository\org\springframework\boot\spring-boot\3.2.5\spring-boot-3.2.5.jar;C:\Users\EL-Mostwred\.m2\repository\org\springframework\boot\spring-boot-autoconfigure\3.2.5\spring-boot-autoconfigure-3.2.5.jar;C:\Users\EL-Mostwred\.m2\repository\org\springframework\boot\spring-boot-starter-logging\3.2.5\spring-boot-starter-logging-3.2.5.jar;C:\Users\EL-Mostwred\.m2\repository\ch\qos\logback\logback-classic\1.4.14\logback-classic-1.4.14.jar;C:\Users\EL-Mostwred\.m2\repository\ch\qos\logback\logback-core\1.4.14\logback-core-1.4.14.jar;C:\Users\EL-Mostwred\.m2\repository\org\apache\logging\log4j\log4j-to-slf4j\2.21.1\log4j-to-slf4j-2.21.1.jar;C:\Users\EL-Mostwred\.m2\repository\org\apache\logging\log4j\log4j-api\2.21.1\log4j-api-2.21.1.jar;C:\Users\EL-Mostwred\.m2\repository\org\slf4j\jul-to-slf4j\2.0.13\jul-to-slf4j-2.0.13.jar;C:\Users\EL-Mostwred\.m2\repository\jakarta\annotation\jakarta.annotation-api\2.1.1\jakarta.annotation-api-2.1.1.jar;C:\Users\EL-Mostwred\.m2\repository\org\yaml\snakeyaml\2.2\snakeyaml-2.2.jar;C:\Users\EL-Mostwred\.m2\repository\org\springframework\boot\spring-boot-starter-json\3.2.5\spring-boot-starter-json-3.2.5.jar;C:\Users\EL-Mostwred\.m2\repository\com\fasterxml\jackson\datatype\jackson-datatype-jdk8\2.15.4\jackson-datatype-jdk8-2.15.4.jar;C:\Users\EL-Mostwred\.m2\repository\com\fasterxml\jackson\datatype\jackson-datatype-jsr310\2.15.4\jackson-datatype-jsr310-2.15.4.jar;C:\Users\EL-Mostwred\.m2\repository\com\fasterxml\jackson\module\jackson-module-parameter-names\2.15.4\jackson-module-parameter-names-2.15.4.jar;C:\Users\EL-Mostwred\.m2\repository\org\spring
Launcher Type: SUN_STANDARD

[Global flags]
     intx CICompilerCount                          = 4                                         {product} {ergonomic}
     uint ConcGCThreads                            = 3                                         {product} {ergonomic}
     uint G1ConcRefinementThreads                  = 10                                        {product} {ergonomic}
   size_t G1HeapRegionSize                         = 2097152                                   {product} {ergonomic}
    uintx GCDrainStackTargetSize                   = 64                                        {product} {ergonomic}
   size_t InitialHeapSize                          = 264241152                                 {product} {ergonomic}
   size_t MarkStackSize                            = 4194304                                   {product} {ergonomic}
   size_t MaxHeapSize                              = 4221566976                                {product} {ergonomic}
   size_t MaxNewSize                               = 2531262464                                {product} {ergonomic}
   size_t MinHeapDeltaBytes                        = 2097152                                   {product} {ergonomic}
   size_t MinHeapSize                              = 8388608                                   {product} {ergonomic}
    uintx NonProfiledCodeHeapSize                  = 0                                      {pd product} {ergonomic}
     bool ProfileInterpreter                       = false                                  {pd product} {command line}
    uintx ProfiledCodeHeapSize                     = 0                                      {pd product} {ergonomic}
   size_t SoftMaxHeapSize                          = 4221566976                             {manageable} {ergonomic}
     intx TieredStopAtLevel                        = 1                                         {product} {command line}
     bool UseCompressedClassPointers               = true                           {product lp64_product} {ergonomic}
     bool UseCompressedOops                        = true                           {product lp64_product} {ergonomic}
     bool UseG1GC                                  = true                                      {product} {ergonomic}
     bool UseLargePagesIndividualAllocation        = false                                  {pd product} {ergonomic}

Logging:
Log output configuration:
 #0: stdout all=warning uptime,level,tags
 #1: stderr all=off uptime,level,tags

Environment Variables:
JAVA_HOME=C:\Program Files\Eclipse Adoptium\jdk-25.0.2.10-hotspot\
PATH=C:\Program Files\Eclipse Adoptium\jdk-17.0.18.8-hotspot\bin;C:\Program Files\Eclipse Adoptium\jdk-25.0.2.10-hotspot\bin;C:\Program Files\Common Files\Oracle\Java\javapath;C:\Program Files (x86)\Common Files\Oracle\Java\java8path;C:\Program Files (x86)\Common Files\Oracle\Java\javapath;C:\app\radwa\product\23ai\dbhomeFree\bin;C:\WINDOWS\system32;C:\WINDOWS;C:\WINDOWS\System32\Wbem;C:\WINDOWS\System32\WindowsPowerShell\v1.0\;C:\WINDOWS\System32\OpenSSH\;C:\Program Files\Java\jdk-1.8\bin;C:\spark-4.0.1-bin-hadoop3\bin;C:\Program Files\Eclipse Adoptium\jdk-25.0.2.10-hotspot\\bin;C:\spark-4.0.1-bin-hadoop3\bin;HADOOP_HOME%\bin%;HADOOP_HOME=c :\hadoop;C:\Program Files\nodejs\;C:\Users\EL-Mostwred\AppData\Local\Microsoft\WindowsApps;C:\Users\EL-Mostwred\AppData\Local\Programs\Microsoft VS Code\bin;C:\Users\EL-Mostwred\AppData\Local\Programs\Git\cmd;C:\Users\EL-Mostwred\AppData\Roaming\npm
USERNAME=EL-Mostwred
OS=Windows_NT
PROCESSOR_IDENTIFIER=Intel64 Family 6 Model 158 Stepping 13, GenuineIntel
TMP=C:\Users\EL-MOS~1\AppData\Local\Temp
TEMP=C:\Users\EL-MOS~1\AppData\Local\Temp



Periodic native trim disabled


---------------  S Y S T E M  ---------------

OS:
 Windows 11 , 64 bit Build 26100 (10.0.26100.8246)
OS uptime: 0 days 18:45 hours

CPU: total 12 (initial active 12) (6 cores per cpu, 2 threads per core) family 6 model 158 stepping 13 microcode 0xea, cx8, cmov, fxsr, ht, mmx, 3dnowpref, sse, sse2, sse3, ssse3, sse4.1, sse4.2, popcnt, lzcnt, tsc, tscinvbit, avx, avx2, aes, erms, clmul, bmi1, bmi2, adx, fma, vzeroupper, clflush, clflushopt
Processor Information for all 12 processors :
  Max Mhz: 2592, Current Mhz: 2592, Mhz Limit: 2592

Memory: 4k page, system-wide physical 16103M (4218M free)
TotalPageFile size 17265M (AvailPageFile size 375M)
current process WorkingSet (physical memory assigned to process): 87M, peak: 87M
current process commit charge ("private bytes"): 361M, peak: 362M

vm_info: OpenJDK 64-Bit Server VM (17.0.18+8) for windows-amd64 JRE (17.0.18+8), built on Jan 20 2026 22:28:22 by "admin" with MS VC++ 17.12 (VS2022)

END.
