npm warn ERESOLVE overriding peer dependency
npm warn While resolving: library-app@0.1.0
npm warn Found: react@18.3.1
npm warn node_modules/react
npm warn   react@"18.2.0" from the root project
npm warn   5 more (@testing-library/react, react-dom, react-router, ...)
npm warn
npm warn Could not resolve dependency:
npm warn peer react@"^18.3.1" from react-dom@18.3.1
npm warn node_modules/react-dom
npm warn   react-dom@"18.2.0" from the root project
npm warn   3 more (@testing-library/react, react-router, react-router-dom)
npm warn ERESOLVE overriding peer dependency
npm warn While resolving: library-app@0.1.0
npm warn Found: react@18.3.1
npm warn node_modules/react
npm warn   react@"18.2.0" from the root project
npm warn   5 more (@testing-library/react, react-dom, react-router, ...)
npm warn
npm warn Could not resolve dependency:
npm warn peer react@"^18.3.1" from react-dom@18.3.1
npm warn node_modules/react-dom
npm warn   react-dom@"18.2.0" from the root project
npm warn   3 more (@testing-library/react, react-router, react-router-dom)

changed 2 packages, and audited 1319 packages in 55s

269 packages are looking for funding
  run `npm fund` for details

28 vulnerabilities (9 low, 5 moderate, 14 high)

To address issues that do not require attention, run:
  npm audit fix

To address all issues (including breaking changes), run:
  npm audit fix --force

Run `npm audit` for details.
